Component: ARM Compiler 5.06 (build 20) Tool: armlink [4d35a3]

==============================================================================

Section Cross References

    system_hc32l110.o(i.SystemCoreClockUpdate) refers to clk.o(i.Clk_GetHClkFreq) for Clk_GetHClkFreq
    system_hc32l110.o(i.SystemCoreClockUpdate) refers to system_hc32l110.o(.data) for SystemCoreClock
    system_hc32l110.o(i.SystemInit) refers to clk.o(i.Clk_SetRCHFreq) for Clk_SetRCHFreq
    system_hc32l110.o(i.SystemInit) refers to clk.o(i.Clk_Enable) for Clk_Enable
    system_hc32l110.o(i.SystemInit) refers to system_hc32l110.o(i.SystemCoreClockUpdate) for SystemCoreClockUpdate
    system_hc32l110.o(i.SystemInit) refers to ddl.o(i.ddl_memclr) for ddl_memclr
    system_hc32l110.o(i.SystemInit) refers to clk.o(i.Clk_SysTickConfig) for Clk_SysTickConfig
    startup_hc32l110.o(RESET) refers to startup_hc32l110.o(STACK) for __initial_sp
    startup_hc32l110.o(RESET) refers to startup_hc32l110.o(.text) for Reset_Handler
    startup_hc32l110.o(RESET) refers to interrupts_hc32l110.o(i.HardFault_Handler) for HardFault_Handler
    startup_hc32l110.o(RESET) refers to interrupts_hc32l110.o(i.IRQ000_Handler) for IRQ000_Handler
    startup_hc32l110.o(RESET) refers to interrupts_hc32l110.o(i.IRQ001_Handler) for IRQ001_Handler
    startup_hc32l110.o(RESET) refers to interrupts_hc32l110.o(i.IRQ002_Handler) for IRQ002_Handler
    startup_hc32l110.o(RESET) refers to interrupts_hc32l110.o(i.IRQ003_Handler) for IRQ003_Handler
    startup_hc32l110.o(RESET) refers to interrupts_hc32l110.o(i.IRQ006_Handler) for IRQ006_Handler
    startup_hc32l110.o(RESET) refers to interrupts_hc32l110.o(i.IRQ007_Handler) for IRQ007_Handler
    startup_hc32l110.o(RESET) refers to interrupts_hc32l110.o(i.IRQ008_Handler) for IRQ008_Handler
    startup_hc32l110.o(RESET) refers to interrupts_hc32l110.o(i.IRQ010_Handler) for IRQ010_Handler
    startup_hc32l110.o(RESET) refers to interrupts_hc32l110.o(i.IRQ012_Handler) for IRQ012_Handler
    startup_hc32l110.o(RESET) refers to interrupts_hc32l110.o(i.IRQ014_Handler) for IRQ014_Handler
    startup_hc32l110.o(RESET) refers to interrupts_hc32l110.o(i.IRQ015_Handler) for IRQ015_Handler
    startup_hc32l110.o(RESET) refers to interrupts_hc32l110.o(i.IRQ016_Handler) for IRQ016_Handler
    startup_hc32l110.o(RESET) refers to interrupts_hc32l110.o(i.IRQ017_Handler) for IRQ017_Handler
    startup_hc32l110.o(RESET) refers to interrupts_hc32l110.o(i.IRQ018_Handler) for IRQ018_Handler
    startup_hc32l110.o(RESET) refers to interrupts_hc32l110.o(i.IRQ019_Handler) for IRQ019_Handler
    startup_hc32l110.o(RESET) refers to interrupts_hc32l110.o(i.IRQ020_Handler) for IRQ020_Handler
    startup_hc32l110.o(RESET) refers to interrupts_hc32l110.o(i.IRQ021_Handler) for IRQ021_Handler
    startup_hc32l110.o(RESET) refers to interrupts_hc32l110.o(i.IRQ022_Handler) for IRQ022_Handler
    startup_hc32l110.o(RESET) refers to interrupts_hc32l110.o(i.IRQ023_Handler) for IRQ023_Handler
    startup_hc32l110.o(RESET) refers to interrupts_hc32l110.o(i.IRQ024_Handler) for IRQ024_Handler
    startup_hc32l110.o(RESET) refers to interrupts_hc32l110.o(i.IRQ026_Handler) for IRQ026_Handler
    startup_hc32l110.o(RESET) refers to interrupts_hc32l110.o(i.IRQ027_Handler) for IRQ027_Handler
    startup_hc32l110.o(RESET) refers to interrupts_hc32l110.o(i.IRQ028_Handler) for IRQ028_Handler
    startup_hc32l110.o(RESET) refers to interrupts_hc32l110.o(i.IRQ030_Handler) for IRQ030_Handler
    startup_hc32l110.o(RESET) refers to interrupts_hc32l110.o(i.IRQ031_Handler) for IRQ031_Handler
    startup_hc32l110.o(.text) refers to system_hc32l110.o(i.SystemInit) for SystemInit
    startup_hc32l110.o(.text) refers to entry.o(.ARM.Collect$$$$00000000) for __main
    main.o(i.main) refers to ddl.o(i.ddl_memclr) for ddl_memclr
    main.o(i.main) refers to clk.o(i.CLK_INIT) for CLK_INIT
    main.o(i.main) refers to key.o(i.KEY_INIT) for KEY_INIT
    main.o(i.main) refers to wdt.o(i.WDT_INIT) for WDT_INIT
    main.o(i.main) refers to lpt.o(i.LPTIME_INIT) for LPTIME_INIT
    main.o(i.main) refers to bt.o(i.TIME_INIT) for TIME_INIT
    main.o(i.main) refers to lpuart.o(i.LPUART_INIT) for LPUART_INIT
    main.o(i.main) refers to spi.o(i.SPI_INIT) for SPI_INIT
    main.o(i.main) refers to sx1278.o(i.InitRFio) for InitRFio
    main.o(i.main) refers to sx1278.o(i.SX1278_begin) for SX1278_begin
    main.o(i.main) refers to sx1278.o(i.SX1278_LoRaEntryRx) for SX1278_LoRaEntryRx
    main.o(i.main) refers to clk.o(i.Clk_SetPeripheralGate) for Clk_SetPeripheralGate
    main.o(i.main) refers to clk.o(i.Clk_Enable) for Clk_Enable
    main.o(i.main) refers to clk.o(i.Clk_SetRCLFreq) for Clk_SetRCLFreq
    main.o(i.main) refers to clk.o(i.Clk_SetFunc) for Clk_SetFunc
    main.o(i.main) refers to memseta.o(.text) for __aeabi_memclr
    main.o(i.main) refers to main.o(i.sleep_config) for sleep_config
    main.o(i.main) refers to sx1278.o(i.SX1278_LoRaEntryTx) for SX1278_LoRaEntryTx
[...]
    clk.o(i.Clk_SetSource) refers to clk.o(i.ClkUnlock) for ClkUnlock
    clk.o(i.Clk_SetSource) refers to clk.o(i.ClkWriteDummy) for ClkWriteDummy
    clk.o(i.Clk_SwitchTo) refers to clk.o(i.Clk_SetXTH_StableTime) for Clk_SetXTH_StableTime
    clk.o(i.Clk_SwitchTo) refers to clk.o(i.Clk_SetRCL_StableTime) for Clk_SetRCL_StableTime
    clk.o(i.Clk_SwitchTo) refers to clk.o(i.Clk_SetXTL_StableTime) for Clk_SetXTL_StableTime
    clk.o(i.Clk_SwitchTo) refers to clk.o(i.Clk_Enable) for Clk_Enable
    clk.o(i.Clk_SwitchTo) refers to clk.o(i.Clk_GetClkRdy) for Clk_GetClkRdy
    clk.o(i.Clk_SwitchTo) refers to clk.o(i.Clk_SetSource) for Clk_SetSource
    clk.o(i.Clk_SwitchTo) refers to system_hc32l110.o(i.SystemCoreClockUpdate) for SystemCoreClockUpdate
    clk.o(i.Clk_SysTickConfig) refers to clk.o(i.NVIC_SetPriority) for NVIC_SetPriority
    ddl.o(i.Debug_UartInit) refers to clk.o(i.Clk_GetPClkFreq) for Clk_GetPClkFreq
    ddl.o(i.Debug_UartInit) refers to uidiv.o(.text) for __aeabi_uidivmod
    ddl.o(i.delay100us) refers to uidiv.o(.text) for __aeabi_uidivmod
    ddl.o(i.delay100us) refers to system_hc32l110.o(.data) for SystemCoreClock
    ddl.o(i.delay1ms) refers to uidiv.o(.text) for __aeabi_uidivmod
    ddl.o(i.delay1ms) refers to system_hc32l110.o(.data) for SystemCoreClock
    ddl.o(i.fputc) refers to ddl.o(i.Debug_Output) for Debug_Output
    gpio.o(i.Gpio_DisableIrq) refers to gpio.o(i._GpioEnableIrq) for _GpioEnableIrq
    gpio.o(i.Gpio_EnableIrq) refers to gpio.o(i._GpioEnableIrq) for _GpioEnableIrq
    gpio.o(i.Gpio_InitIO) refers to gpio.o(i.Gpio_SetAnalog) for Gpio_SetAnalog
    gpio.o(i.Gpio_InitIOExt) refers to gpio.o(i.Gpio_SetAnalog) for Gpio_SetAnalog
    gpio.o(i.Gpio_SetCtrlExt) refers to clk.o(i.__ARM_common_switch8) for __ARM_common_switch8
    gpio.o(i.Gpio_SetCtrlExt) refers to ddl.o(i.Log2) for Log2
    gpio.o(i.Gpio_SetExtClkSel) refers to clk.o(i.__ARM_common_switch8) for __ARM_common_switch8
    gpio.o(i.Gpio_SetSignalSource) refers to clk.o(i.__ARM_common_switch8) for __ARM_common_switch8
    gpio.o(i.Gpio_SetSsnSel) refers to clk.o(i.__ARM_common_switch8) for __ARM_common_switch8
    interrupts_hc32l110.o(i.EnableNvic) refers to interrupts_hc32l110.o(i.NVIC_SetPriority) for NVIC_SetPriority
    interrupts_hc32l110.o(i.IRQ000_Handler) refers to key.o(i.Gpio_IRQHandler) for Gpio_IRQHandler
    interrupts_hc32l110.o(i.IRQ001_Handler) refers to key.o(i.Gpio_IRQHandler) for Gpio_IRQHandler
    interrupts_hc32l110.o(i.IRQ002_Handler) refers to key.o(i.Gpio_IRQHandler) for Gpio_IRQHandler
    interrupts_hc32l110.o(i.IRQ003_Handler) refers to key.o(i.Gpio_IRQHandler) for Gpio_IRQHandler
    interrupts_hc32l110.o(i.IRQ008_Handler) refers to lpuart.o(i.LpUart_IRQHandler) for LpUart_IRQHandler
    interrupts_hc32l110.o(i.IRQ010_Handler) refers to spi.o(i.Spi_IRQHandler) for Spi_IRQHandler
    interrupts_hc32l110.o(i.IRQ014_Handler) refers to bt.o(i.Tim_IRQHandler) for Tim_IRQHandler
    interrupts_hc32l110.o(i.IRQ015_Handler) refers to bt.o(i.Tim_IRQHandler) for Tim_IRQHandler
    interrupts_hc32l110.o(i.IRQ016_Handler) refers to bt.o(i.Tim_IRQHandler) for Tim_IRQHandler
    interrupts_hc32l110.o(i.IRQ017_Handler) refers to lpt.o(i.LpTim_IRQHandler) for LpTim_IRQHandler
    interrupts_hc32l110.o(i.IRQ022_Handler) refers to wdt.o(i.Wdt_IRQHandler) for Wdt_IRQHandler
    interrupts_hc32l110.o(i.IRQ030_Handler) refers to flash.o(i.EfRam_IRQHandler) for EfRam_IRQHandler
    wdt.o(i.WDT_INIT) refers to ddl.o(i.ddl_memclr) for ddl_memclr
    wdt.o(i.WDT_INIT) refers to clk.o(i.Clk_SetPeripheralGate) for Clk_SetPeripheralGate
    wdt.o(i.WDT_INIT) refers to wdt.o(i.Wdt_Init) for Wdt_Init
    wdt.o(i.WDT_INIT) refers to wdt.o(i.Wdt_Start) for Wdt_Start
    wdt.o(i.WDT_INIT) refers to wdt.o(i.WdtCallback) for WdtCallback
    wdt.o(i.WdtCallback) refers to memseta.o(.text) for __aeabi_memclr
    wdt.o(i.WdtCallback) refers to lpuart.o(.data) for lpuartbuffstart
    wdt.o(i.WdtCallback) refers to lpuart.o(.bss) for u8RxData
    wdt.o(i.Wdt_IRQHandler) refers to wdt.o(i.Wdt_Start) for Wdt_Start
    wdt.o(i.Wdt_IRQHandler) refers to wdt.o(.data) for pfnWdtCallback
    wdt.o(i.Wdt_Init) refers to wdt.o(i.Wdt_WriteWdtLoad) for Wdt_WriteWdtLoad
    wdt.o(i.Wdt_Init) refers to interrupts_hc32l110.o(i.EnableNvic) for EnableNvic
    wdt.o(i.Wdt_Init) refers to wdt.o(.data) for pfnWdtCallback
    spi.o(i.ReadData) refers to spi.o(i.Spi_GetStatus) for Spi_GetStatus
    spi.o(i.ReadData) refers to spi.o(.data) for bIrq
    spi.o(i.SPI_INIT) refers to clk.o(i.Clk_SetPeripheralGate) for Clk_SetPeripheralGate
    spi.o(i.SPI_INIT) refers to spi.o(i.Spi_SetCS) for Spi_SetCS
    spi.o(i.SPI_INIT) refers to spi.o(i.Spi_Init) for Spi_Init
    spi.o(i.Spi_DeInit) refers to interrupts_hc32l110.o(i.EnableNvic) for EnableNvic
    spi.o(i.Spi_DeInit) refers to spi.o(.data) for pfnSpiCallback
    spi.o(i.Spi_IRQHandler) refers to spi.o(.data) for pfnSpiCallback
    spi.o(i.Spi_Init) refers to interrupts_hc32l110.o(i.EnableNvic) for EnableNvic
    spi.o(i.Spi_Init) refers to spi.o(.data) for pfnSpiCallback
    spi.o(i.Spi_ReceiveData) refers to spi.o(i.Spi_GetStatus) for Spi_GetStatus
    spi.o(i.Spi_SendData) refers to spi.o(i.Spi_GetStatus) for Spi_GetStatus
    spi.o(i.WriteData) refers to spi.o(i.Spi_GetStatus) for Spi_GetStatus
    spi.o(i.WriteData) refers to spi.o(.data) for bIrq
    lpt.o(i.LPTIME_INIT) refers to clk.o(i.Clk_SetPeripheralGate) for Clk_SetPeripheralGate
    lpt.o(i.LPTIME_INIT) refers to lpt.o(i.Lpt_Init) for Lpt_Init
    lpt.o(i.LPTIME_INIT) refers to lpt.o(i.Lpt_ClearIntFlag) for Lpt_ClearIntFlag
    lpt.o(i.LPTIME_INIT) refers to lpt.o(i.Lpt_EnableIrq) for Lpt_EnableIrq
    lpt.o(i.LPTIME_INIT) refers to interrupts_hc32l110.o(i.EnableNvic) for EnableNvic
    lpt.o(i.LPTIME_INIT) refers to lpt.o(i.Lpt_ARRSet) for Lpt_ARRSet
    lpt.o(i.LPTIME_INIT) refers to lpt.o(i.Lpt_Run) for Lpt_Run
    lpt.o(i.LPTIME_INIT) refers to lpt.o(i.LptInt) for LptInt
    lpt.o(i.LpTim_IRQHandler) refers to lpt.o(.data) for pfnLpTimCallback
    lpt.o(i.LptInt) refers to lpt.o(i.Lpt_ClearIntFlag) for Lpt_ClearIntFlag
    lpt.o(i.LptInt) refers to lpt.o(.data) for sendtimeflag
    lpt.o(i.Lpt_Init) refers to lpt.o(.data) for pfnLpTimCallback
    bt.o(i.Bt1Int) refers to bt.o(i.Bt_GetIntFlag) for Bt_GetIntFlag
    bt.o(i.Bt1Int) refers to bt.o(i.Bt_ClearIntFlag) for Bt_ClearIntFlag
    bt.o(i.Bt1Int) refers to bt.o(.data) for btcount
    bt.o(i.Bt_Init) refers to bt.o(.data) for pfnTim0Callback
    bt.o(i.TIME_INIT) refers to clk.o(i.Clk_SetPeripheralGate) for Clk_SetPeripheralGate
    bt.o(i.TIME_INIT) refers to bt.o(i.Bt_Init) for Bt_Init
    bt.o(i.TIME_INIT) refers to bt.o(i.Bt_ClearIntFlag) for Bt_ClearIntFlag
    bt.o(i.TIME_INIT) refers to bt.o(i.Bt_EnableIrq) for Bt_EnableIrq
    bt.o(i.TIME_INIT) refers to interrupts_hc32l110.o(i.EnableNvic) for EnableNvic
    bt.o(i.TIME_INIT) refers to bt.o(i.Bt1Int) for Bt1Int
    bt.o(i.Tim_IRQHandler) refers to bt.o(.data) for pfnTim0Callback
    lpuart.o(i.LPUART_INIT) refers to ddl.o(i.ddl_memclr) for ddl_memclr
    lpuart.o(i.LPUART_INIT) refers to clk.o(i.Clk_SetPeripheralGate) for Clk_SetPeripheralGate
    lpuart.o(i.LPUART_INIT) refers to gpio.o(i.Gpio_InitIOExt) for Gpio_InitIOExt
    lpuart.o(i.LPUART_INIT) refers to lpuart.o(i.LPUart_EnableIrq) for LPUart_EnableIrq
    lpuart.o(i.LPUART_INIT) refers to lpuart.o(i.LPUart_Init) for LPUart_Init
    lpuart.o(i.LPUART_INIT) refers to lpuart.o(i.LPUart_EnableFunc) for LPUart_EnableFunc
    lpuart.o(i.LPUART_INIT) refers to lpuart.o(i.RxIntCallback) for RxIntCallback
    lpuart.o(i.LPUART_INIT) refers to lpuart.o(i.ErrIntCallback) for ErrIntCallback
    lpuart.o(i.LPUartDeInitNvic) refers to lpuart.o(i.NVIC_ClearPendingIRQ) for NVIC_ClearPendingIRQ
    lpuart.o(i.LPUartDeInitNvic) refers to lpuart.o(i.NVIC_SetPriority) for NVIC_SetPriority
    lpuart.o(i.LPUartGetInternDataCb) refers to lpuart.o(.bss) for stcLPUartIrqCb
    lpuart.o(i.LPUartInitNvic) refers to lpuart.o(i.NVIC_ClearPendingIRQ) for NVIC_ClearPendingIRQ
    lpuart.o(i.LPUartInitNvic) refers to lpuart.o(i.NVIC_SetPriority) for NVIC_SetPriority
    lpuart.o(i.LPUart_GetBaudRate) refers to uidiv.o(.text) for __aeabi_uidivmod
    lpuart.o(i.LPUart_Init) refers to lpuart.o(i.LPUartGetInternDataCb) for LPUartGetInternDataCb
    lpuart.o(i.LPUart_Init) refers to lpuart.o(i.LPUart_SelSclk) for LPUart_SelSclk
    lpuart.o(i.LPUart_Init) refers to lpuart.o(i.LPUart_SelSclkPrs) for LPUart_SelSclkPrs
    lpuart.o(i.LPUart_Init) refers to lpuart.o(i.LPUart_SetMode) for LPUart_SetMode
    lpuart.o(i.LPUart_Init) refers to lpuart.o(i.LPUart_SetMultiMode) for LPUart_SetMultiMode
    lpuart.o(i.LPUart_Init) refers to lpuart.o(i.LPUartInitNvic) for LPUartInitNvic
    lpuart.o(i.LPUart_Init) refers to lpuart.o(i.LPUartDeInitNvic) for LPUartDeInitNvic
    lpuart.o(i.LPUart_ReceiveData) refers to lpuart.o(i.LPUart_ClrStatus) for LPUart_ClrStatus
    lpuart.o(i.LPUart_ReceiveData) refers to lpt.o(i.Lpt_ARRSet) for Lpt_ARRSet
    lpuart.o(i.LPUart_ReceiveData) refers to lpt.o(i.Lpt_Run) for Lpt_Run
    lpuart.o(i.LPUart_ReceiveData) refers to memseta.o(.text) for __aeabi_memclr4
    lpuart.o(i.LPUart_ReceiveData) refers to lpt.o(i.Lpt_Stop) for Lpt_Stop
    lpuart.o(i.LPUart_ReceiveData) refers to lpuart.o(.data) for lpuartbuffstart
    lpuart.o(i.LPUart_ReceiveData) refers to lpuart.o(.bss) for u8RxData
    lpuart.o(i.LPUart_SendData) refers to lpuart.o(i.LPUart_GetStatus) for LPUart_GetStatus
    lpuart.o(i.LPUart_SendData) refers to lpuart.o(i.LPUart_ClrStatus) for LPUart_ClrStatus
    lpuart.o(i.LPUart_SendData) refers to lpuart.o(.data) for sentnum
    lpuart.o(i.LPUart_SetBaudRate) refers to uidiv.o(.text) for __aeabi_uidivmod
    lpuart.o(i.LpUart_IRQHandler) refers to lpuart.o(i.LPUartGetInternDataCb) for LPUartGetInternDataCb
    lpuart.o(i.LpUart_IRQHandler) refers to lpuart.o(i.LPUart_ClrStatus) for LPUart_ClrStatus
    lpuart.o(i.RxIntCallback) refers to lpuart.o(i.LPUart_ReceiveData) for LPUart_ReceiveData
    key.o(i.Gpio_IRQHandler) refers to gpio.o(i.Gpio_GetIrqStat) for Gpio_GetIrqStat
    key.o(i.Gpio_IRQHandler) refers to gpio.o(i.Gpio_ClearIrq) for Gpio_ClearIrq
    key.o(i.Gpio_IRQHandler) refers to sx1278.o(i.SX1278_LoRaRxPacket) for SX1278_LoRaRxPacket
    key.o(i.Gpio_IRQHandler) refers to sx1278.o(i.SX1278_read) for SX1278_read
    key.o(i.Gpio_IRQHandler) refers to sx1278rxdelay.o(.bss) for SX1278
    key.o(i.Gpio_IRQHandler) refers to sx1278.o(.data) for LoRaNodeRxFlag
    key.o(i.Gpio_IRQHandler) refers to key.o(.data) for ret
    key.o(i.KEY_INIT) refers to gpio.o(i.Gpio_InitIO) for Gpio_InitIO
    key.o(i.KEY_INIT) refers to gpio.o(i.Gpio_SetIO) for Gpio_SetIO
    sx1278.o(i.InitRFio) refers to gpio.o(i.Gpio_InitIOExt) for Gpio_InitIOExt
    sx1278.o(i.InitRFio) refers to gpio.o(i.Gpio_SetIO) for Gpio_SetIO
    sx1278.o(i.InitRFio) refers to gpio.o(i.Gpio_ClearIrq) for Gpio_ClearIrq
    sx1278.o(i.InitRFio) refers to gpio.o(i.Gpio_EnableIrq) for Gpio_EnableIrq
    sx1278.o(i.InitRFio) refers to interrupts_hc32l110.o(i.EnableNvic) for EnableNvic
    sx1278.o(i.SX1278_HW_init) refers to spi.o(i.Spi_SetCS) for Spi_SetCS
    sx1278.o(i.SX1278_HW_init) refers to gpio.o(i.Gpio_SetIO) for Gpio_SetIO
    sx1278.o(i.SX1278_HW_init) refers to ddl.o(i.delay1ms) for delay1ms
    sx1278.o(i.SX1278_LoRaCadPacket) refers to sx1278.o(i.SX1278_standby) for SX1278_standby
    sx1278.o(i.SX1278_LoRaCadPacket) refers to sx1278.o(i.SX1278_SPIWrite) for SX1278_SPIWrite
    sx1278.o(i.SX1278_LoRaCadPacket) refers to sx1278.o(i.SX1278_clearLoRaIrq) for SX1278_clearLoRaIrq
    sx1278.o(i.SX1278_LoRaCadPacket) refers to gpio.o(i.Gpio_SetIO) for Gpio_SetIO
    sx1278.o(i.SX1278_LoRaCadPacket) refers to sx1278.o(i.SX1278_hw_Reset) for SX1278_hw_Reset
    sx1278.o(i.SX1278_LoRaCadPacket) refers to sx1278.o(i.SX1278_defaultConfig) for SX1278_defaultConfig
    sx1278.o(i.SX1278_LoRaCadPacket) refers to ddl.o(i.delay1ms) for delay1ms
    sx1278.o(i.SX1278_LoRaCadPacket) refers to sx1278.o(.data) for DIO3flag
    sx1278.o(i.SX1278_LoRaEntryRx) refers to sx1278.o(i.SX1278_defaultConfig) for SX1278_defaultConfig
    sx1278.o(i.SX1278_LoRaEntryRx) refers to sx1278.o(i.SX1278_SPIWrite) for SX1278_SPIWrite
    sx1278.o(i.SX1278_LoRaEntryRx) refers to sx1278.o(i.SX1278_clearLoRaIrq) for SX1278_clearLoRaIrq
    sx1278.o(i.SX1278_LoRaEntryRx) refers to sx1278.o(i.SX1278_SPIRead) for SX1278_SPIRead
    sx1278.o(i.SX1278_LoRaEntryRx) refers to sx1278.o(i.SX1278_hw_Reset) for SX1278_hw_Reset
    sx1278.o(i.SX1278_LoRaEntryRx) refers to ddl.o(i.delay1ms) for delay1ms
    sx1278.o(i.SX1278_LoRaEntryRx) refers to sx1278.o(.data) for addrbuf
    sx1278.o(i.SX1278_LoRaEntryTx) refers to sx1278.o(i.SX1278_defaultConfig) for SX1278_defaultConfig
    sx1278.o(i.SX1278_LoRaEntryTx) refers to sx1278.o(i.SX1278_SPIWrite) for SX1278_SPIWrite
    sx1278.o(i.SX1278_LoRaEntryTx) refers to sx1278.o(i.SX1278_clearLoRaIrq) for SX1278_clearLoRaIrq
    sx1278.o(i.SX1278_LoRaEntryTx) refers to sx1278.o(i.SX1278_SPIRead) for SX1278_SPIRead
    sx1278.o(i.SX1278_LoRaEntryTx) refers to sx1278.o(i.SX1278_hw_Reset) for SX1278_hw_Reset
    sx1278.o(i.SX1278_LoRaEntryTx) refers to sx1278.o(.data) for RegFifoTxBaseAddrbuf
    sx1278.o(i.SX1278_LoRaRxPacket) refers to memseta.o(.text) for __aeabi_memclr
    sx1278.o(i.SX1278_LoRaRxPacket) refers to sx1278.o(i.SX1278_SPIRead) for SX1278_SPIRead
    sx1278.o(i.SX1278_LoRaRxPacket) refers to sx1278.o(i.SX1278_SPIWrite) for SX1278_SPIWrite
    sx1278.o(i.SX1278_LoRaRxPacket) refers to sx1278.o(i.SX1278_clearLoRaIrq) for SX1278_clearLoRaIrq
    sx1278.o(i.SX1278_LoRaRxPacket) refers to sx1278.o(.data) for LoRaNodeRxFlag
    sx1278.o(i.SX1278_LoRaTxPacket) refers to sx1278.o(i.SX1278_SPIBurstWrite) for SX1278_SPIBurstWrite
    sx1278.o(i.SX1278_LoRaTxPacket) refers to sx1278.o(i.SX1278_SPIWrite) for SX1278_SPIWrite
    sx1278.o(i.SX1278_LoRaTxPacket) refers to gpio.o(i.Gpio_SetIO) for Gpio_SetIO
    sx1278.o(i.SX1278_LoRaTxPacket) refers to sx1278.o(i.SX1278_SPIRead) for SX1278_SPIRead
    sx1278.o(i.SX1278_LoRaTxPacket) refers to sx1278.o(i.SX1278_clearLoRaIrq) for SX1278_clearLoRaIrq
    sx1278.o(i.SX1278_LoRaTxPacket) refers to sx1278.o(i.SX1278_standby) for SX1278_standby
    sx1278.o(i.SX1278_LoRaTxPacket) refers to sx1278.o(i.SX1278_hw_Reset) for SX1278_hw_Reset
    sx1278.o(i.SX1278_LoRaTxPacket) refers to sx1278.o(i.SX1278_defaultConfig) for SX1278_defaultConfig
    sx1278.o(i.SX1278_LoRaTxPacket) refers to ddl.o(i.delay1ms) for delay1ms
    sx1278.o(i.SX1278_LoRaTxPacket) refers to sx1278.o(.data) for LoRaNodeTxFlag
    sx1278.o(i.SX1278_SPIBurstWrite) refers to spi.o(i.Spi_SetCS) for Spi_SetCS
    sx1278.o(i.SX1278_SPIBurstWrite) refers to spi.o(i.WriteData) for WriteData
    sx1278.o(i.SX1278_SPIRead) refers to spi.o(i.Spi_SetCS) for Spi_SetCS
    sx1278.o(i.SX1278_SPIRead) refers to spi.o(i.WriteData) for WriteData
    sx1278.o(i.SX1278_SPIRead) refers to spi.o(i.ReadData) for ReadData
    sx1278.o(i.SX1278_SPIWrite) refers to spi.o(i.Spi_SetCS) for Spi_SetCS
    sx1278.o(i.SX1278_SPIWrite) refers to spi.o(i.WriteData) for WriteData
    sx1278.o(i.SX1278_begin) refers to sx1278.o(i.SX1278_HW_init) for SX1278_HW_init
    sx1278.o(i.SX1278_begin) refers to sx1278.o(i.SX1278_defaultConfig) for SX1278_defaultConfig
    sx1278.o(i.SX1278_clearLoRaIrq) refers to sx1278.o(i.SX1278_SPIWrite) for SX1278_SPIWrite
    sx1278.o(i.SX1278_config) refers to sx1278.o(i.SX1278_sleep) for SX1278_sleep
    sx1278.o(i.SX1278_config) refers to ddl.o(i.delay1ms) for delay1ms
    sx1278.o(i.SX1278_config) refers to sx1278.o(i.SX1278_entryLoRa) for SX1278_entryLoRa
    sx1278.o(i.SX1278_config) refers to sx1278.o(i.SX1278_standby) for SX1278_standby
    sx1278.o(i.SX1278_config) refers to sx1278.o(i.SX1278_SPIBurstWrite) for SX1278_SPIBurstWrite
    sx1278.o(i.SX1278_config) refers to sx1278.o(i.SX1278_SPIWrite) for SX1278_SPIWrite
    sx1278.o(i.SX1278_config) refers to sx1278.o(i.SX1278_SPIRead) for SX1278_SPIRead
    sx1278.o(i.SX1278_config) refers to sx1278.o(.constdata) for SX1278_Frequency
    sx1278.o(i.SX1278_config) refers to sx1278.o(.data) for Dbuf
    sx1278.o(i.SX1278_defaultConfig) refers to sx1278.o(i.SX1278_config) for SX1278_config
    sx1278.o(i.SX1278_entryLoRa) refers to sx1278.o(i.SX1278_SPIWrite) for SX1278_SPIWrite
    sx1278.o(i.SX1278_hw_Reset) refers to spi.o(i.Spi_SetCS) for Spi_SetCS
    sx1278.o(i.SX1278_hw_Reset) refers to gpio.o(i.Gpio_SetIO) for Gpio_SetIO
    sx1278.o(i.SX1278_hw_Reset) refers to ddl.o(i.delay1ms) for delay1ms
    sx1278.o(i.SX1278_read) refers to memcpya.o(.text) for __aeabi_memcpy
    sx1278.o(i.SX1278_sleep) refers to sx1278.o(i.SX1278_SPIWrite) for SX1278_SPIWrite
    sx1278.o(i.SX1278_standby) refers to sx1278.o(i.SX1278_SPIWrite) for SX1278_SPIWrite
    sx1278rxdelay.o(i.GetRand) refers to rand.o(.text) for rand
    sx1278rxdelay.o(i.GetRand) refers to idiv.o(.text) for __aeabi_idivmod
    sx1278rxdelay.o(i.SetRetreatTime) refers to sx1278rxdelay.o(i.TwoPowerK) for TwoPowerK
    sx1278rxdelay.o(i.SetRetreatTime) refers to sx1278rxdelay.o(i.GetRand) for GetRand
    sx1278rxdelay.o(i.SetRetreatTime) refers to sx1278rxdelay.o(.data) for Retreatcount
    sx1278rxdelay.o(i.TIMESTART) refers to bt.o(i.Bt_ARRSet) for Bt_ARRSet
    sx1278rxdelay.o(i.TIMESTART) refers to bt.o(i.Bt_Run) for Bt_Run
    flash.o(i.EfRam_IRQHandler) refers to flash.o(.data) for pfnFlashCallback
    flash.o(i.FlashInt) refers to flash.o(i.Flash_GetIntFlag) for Flash_GetIntFlag
    flash.o(i.FlashInt) refers to flash.o(i.Flash_ClearIntFlag) for Flash_ClearIntFlag
    flash.o(i.FlashInt) refers to flash.o(i.Flash_DisableIrq) for Flash_DisableIrq
    flash.o(i.FlashWriteControllerID) refers to flash.o(i.Flash_SectorErase) for Flash_SectorErase
    flash.o(i.FlashWriteControllerID) refers to flash.o(i.Flash_WriteByte) for Flash_WriteByte
    flash.o(i.FlashWriteNodeID) refers to flash.o(i.Flash_SectorErase) for Flash_SectorErase
    flash.o(i.FlashWriteNodeID) refers to flash.o(i.Flash_WriteByte) for Flash_WriteByte
    flash.o(i.Flash_Init) refers to flash.o(.data) for pfnFlashCallback
    entry.o(.ARM.Collect$$$$00000000) refers (Special) to entry10a.o(.ARM.Collect$$$$0000000D) for __rt_final_cpp
    entry.o(.ARM.Collect$$$$00000000) refers (Special) to entry11a.o(.ARM.Collect$$$$0000000F) for __rt_final_exit
    entry.o(.ARM.Collect$$$$00000000) refers (Special) to entry7b.o(.ARM.Collect$$$$00000008) for _main_clock
    entry.o(.ARM.Collect$$$$00000000) refers (Special) to entry8b.o(.ARM.Collect$$$$0000000A) for _main_cpp_init
    entry.o(.ARM.Collect$$$$00000000) refers (Special) to entry9a.o(.ARM.Collect$$$$0000000B) for _main_init
    entry.o(.ARM.Collect$$$$00000000) refers (Special) to entry5.o(.ARM.Collect$$$$00000004) for _main_scatterload
    entry.o(.ARM.Collect$$$$00000000) refers (Special) to entry2.o(.ARM.Collect$$$$00000001) for _main_stk
    idiv.o(.text) refers to uidiv.o(.text) for __aeabi_uidivmod
    rand.o(.text) refers to rand.o(.data) for .data
    entry2.o(.ARM.Collect$$$$00000001) refers to entry2.o(.ARM.Collect$$$$00002712) for __lit__00000000
    entry2.o(.ARM.Collect$$$$00002712) refers to startup_hc32l110.o(STACK) for __initial_sp
    entry2.o(__vectab_stack_and_reset_area) refers to startup_hc32l110.o(STACK) for __initial_sp
    entry2.o(__vectab_stack_and_reset_area) refers to entry.o(.ARM.Collect$$$$00000000) for __main
    entry5.o(.ARM.Collect$$$$00000004) refers to init.o(.text) for __scatterload
    entry9a.o(.ARM.Collect$$$$0000000B) refers to main.o(i.main) for main
    entry9b.o(.ARM.Collect$$$$0000000C) refers to main.o(i.main) for main
    init.o(.text) refers to entry5.o(.ARM.Collect$$$$00000004) for __main_after_scatterload


==============================================================================

Removing Unused input sections from the image.

    Removing system_hc32l110.o(.rev16_text), (4 bytes).
    Removing system_hc32l110.o(.revsh_text), (4 bytes).
    Removing startup_hc32l110.o(HEAP), (256 bytes).
    Removing main.o(.rev16_text), (4 bytes).
    Removing main.o(.revsh_text), (4 bytes).
    Removing main.o(i.delayms), (30 bytes).
    Removing main.o(.bss), (200 bytes).
    Removing main.o(.constdata), (24 bytes).
    Removing main.o(.data), (31 bytes).
    Removing clk.o(.rev16_text), (4 bytes).
    Removing clk.o(.revsh_text), (4 bytes).
    Removing clk.o(i.Clk_DeInit), (30 bytes).
    Removing clk.o(i.Clk_DebugClk), (104 bytes).
    Removing clk.o(i.Clk_GetPClkFreq), (32 bytes).
    Removing clk.o(i.Clk_GetPeripheralGate), (20 bytes).
    Removing clk.o(i.Clk_SetRTCAdjustClkFreq), (272 bytes).
    Removing clk.o(i.Clk_SetXTLDrive), (40 bytes).
    Removing clk.o(i.Clk_SysTickSkewGet), (16 bytes).
    Removing clk.o(i.Clk_SysTickStcalibGet), (16 bytes).
    Removing ddl.o(.rev16_text), (4 bytes).
    Removing ddl.o(.revsh_text), (4 bytes).
    Removing ddl.o(i.DDL_WAIT_LOOP_HOOK), (2 bytes).
    Removing ddl.o(i.Debug_Output), (50 bytes).
    Removing ddl.o(i.Debug_UartInit), (180 bytes).
    Removing ddl.o(i.__backspace), (4 bytes).
    Removing ddl.o(i._sys_exit), (4 bytes).
    Removing ddl.o(i._ttywrch), (2 bytes).
    Removing ddl.o(i.delay100us), (60 bytes).
    Removing ddl.o(i.fputc), (28 bytes).
    Removing ddl.o(.data), (4 bytes).
    Removing gpio.o(.rev16_text), (4 bytes).
    Removing gpio.o(.revsh_text), (4 bytes).
    Removing gpio.o(i.Gpio_DisableIrq), (24 bytes).
    Removing gpio.o(i.Gpio_GetIO), (24 bytes).
    Removing gpio.o(i.Gpio_SetCtrlExt), (292 bytes).
    Removing gpio.o(i.Gpio_SetExtClkSel), (92 bytes).
    Removing gpio.o(i.Gpio_SetSignalSource), (388 bytes).
    Removing gpio.o(i.Gpio_SetSsnSel), (92 bytes).
    Removing interrupts_hc32l110.o(.rev16_text), (4 bytes).
    Removing interrupts_hc32l110.o(.revsh_text), (4 bytes).
    Removing wdt.o(.rev16_text), (4 bytes).
    Removing wdt.o(.revsh_text), (4 bytes).
    Removing wdt.o(i.Wdt_Feed), (16 bytes).
    Removing wdt.o(i.Wdt_ReadWdtValue), (16 bytes).
    Removing wdt.o(i.Wdt_ReadwdtStatus), (16 bytes).
    Removing wdt.o(.bss), (200 bytes).
    Removing spi.o(.rev16_text), (4 bytes).
    Removing spi.o(.revsh_text), (4 bytes).
    Removing spi.o(i.Spi_DeInit), (40 bytes).
    Removing spi.o(i.Spi_ReceiveData), (60 bytes).
    Removing spi.o(i.Spi_SendData), (60 bytes).
    Removing spi.o(.bss), (20 bytes).
    Removing lpt.o(.rev16_text), (4 bytes).
    Removing lpt.o(.revsh_text), (4 bytes).
    Removing lpt.o(i.Lpt_Cnt16Get), (16 bytes).
    Removing lpt.o(i.Lpt_DisableIrq), (24 bytes).
    Removing lpt.o(i.Lpt_GetIntFlag), (16 bytes).
    Removing lpt.o(.constdata), (24 bytes).
    Removing bt.o(.rev16_text), (4 bytes).
    Removing bt.o(.revsh_text), (4 bytes).
    Removing bt.o(i.Bt_ARRSet), (92 bytes).
    Removing bt.o(i.Bt_Cnt16Get), (56 bytes).
    Removing bt.o(i.Bt_Cnt16Set), (92 bytes).
    Removing bt.o(i.Bt_Cnt32Get), (52 bytes).
    Removing bt.o(i.Bt_Cnt32Set), (68 bytes).
    Removing bt.o(i.Bt_DisableIrq), (84 bytes).
    Removing bt.o(i.Bt_Run), (84 bytes).
    Removing bt.o(i.Bt_Stop), (76 bytes).
    Removing lpuart.o(.rev16_text), (4 bytes).
    Removing lpuart.o(.revsh_text), (4 bytes).
    Removing lpuart.o(i.LPUart_CheckEvenOrOdd), (140 bytes).
    Removing lpuart.o(i.LPUart_DisableIrq), (76 bytes).
    Removing lpuart.o(i.LPUart_GetBaudRate), (104 bytes).
    Removing lpuart.o(i.LPUart_GetRb8), (16 bytes).
    Removing lpuart.o(i.LPUart_GetStatus), (84 bytes).
    Removing lpuart.o(i.LPUart_SendData), (76 bytes).
    Removing lpuart.o(i.LPUart_SetBaudRate), (124 bytes).
    Removing lpuart.o(i.LPUart_SetMMDOrCk), (36 bytes).
    Removing lpuart.o(i.LPUart_SetSaddr), (16 bytes).
    Removing lpuart.o(i.LPUart_SetSaddrEn), (16 bytes).
    Removing lpuart.o(i.LPUart_SetTb8), (136 bytes).
    Removing lpuart.o(i.TxIntCallback), (2 bytes).
    Removing lpuart.o(i.delay_us), (24 bytes).
    Removing lpm.o(.rev16_text), (4 bytes).
    Removing lpm.o(.revsh_text), (4 bytes).
    Removing lpm.o(i.Lpm_GotoLpmMode), (4 bytes).
    Removing key.o(.rev16_text), (4 bytes).
    Removing key.o(.revsh_text), (4 bytes).
    Removing key.o(.constdata), (24 bytes).
    Removing sx1278.o(.rev16_text), (4 bytes).
    Removing sx1278.o(.revsh_text), (4 bytes).
    Removing sx1278.o(i.SX1278_LoRaCadPacket), (140 bytes).
    Removing sx1278rxdelay.o(.rev16_text), (4 bytes).
    Removing sx1278rxdelay.o(.revsh_text), (4 bytes).
    Removing sx1278rxdelay.o(i.GetRand), (32 bytes).
    Removing sx1278rxdelay.o(i.SetRetreatTime), (32 bytes).
    Removing sx1278rxdelay.o(i.StatusProcess), (4 bytes).
    Removing sx1278rxdelay.o(i.TIMESTART), (20 bytes).
    Removing sx1278rxdelay.o(i.TwoPowerK), (28 bytes).
    Removing sx1278rxdelay.o(.constdata), (24 bytes).
    Removing sx1278rxdelay.o(.data), (26 bytes).
    Removing flash.o(.rev16_text), (4 bytes).
    Removing flash.o(.revsh_text), (4 bytes).
    Removing flash.o(i.FlashInt), (46 bytes).
    Removing flash.o(i.FlashWriteControllerID), (36 bytes).
    Removing flash.o(i.FlashWriteNodeID), (144 bytes).
    Removing flash.o(i.Flash_ChipErase), (188 bytes).
    Removing flash.o(i.Flash_ClearIntFlag), (128 bytes).
    Removing flash.o(i.Flash_DisableIrq), (168 bytes).
    Removing flash.o(i.Flash_EnableIrq), (168 bytes).
    Removing flash.o(i.Flash_GetIntFlag), (48 bytes).
    Removing flash.o(i.Flash_Init), (572 bytes).
    Removing flash.o(i.Flash_SectorErase), (204 bytes).
    Removing flash.o(i.Flash_WriteByte), (204 bytes).
    Removing flash.o(i.Flash_WriteHalfWord), (212 bytes).
    Removing flash.o(i.Flash_WriteWord), (212 bytes).

116 unused section(s) (total 7071 bytes) removed from the image.

==============================================================================

Image Symbol Table

    Local Symbols

    Symbol Name                              Value     Ov Type        Size  Object(Section)

    RESET                                    0x00000000   Section      192  startup_hc32l110.o(RESET)
    ../clib/microlib/division.c              0x00000000   Number         0  idiv.o ABSOLUTE
    ../clib/microlib/division.c              0x00000000   Number         0  uidiv.o ABSOLUTE
    ../clib/microlib/init/entry.s            0x00000000   Number         0  entry2.o ABSOLUTE
    ../clib/microlib/init/entry.s            0x00000000   Number         0  entry7a.o ABSOLUTE
    ../clib/microlib/init/entry.s            0x00000000   Number         0  entry.o ABSOLUTE
    ../clib/microlib/init/entry.s            0x00000000   Number         0  entry7b.o ABSOLUTE
    ../clib/microlib/init/entry.s            0x00000000   Number         0  entry8a.o ABSOLUTE
    ../clib/microlib/init/entry.s            0x00000000   Number         0  entry5.o ABSOLUTE
    ../clib/microlib/init/entry.s            0x00000000   Number         0  entry8b.o ABSOLUTE
    ../clib/microlib/init/entry.s            0x00000000   Number         0  entry9a.o ABSOLUTE
    ../clib/microlib/init/entry.s            0x00000000   Number         0  entry9b.o ABSOLUTE
    ../clib/microlib/init/entry.s            0x00000000   Number         0  entry10a.o ABSOLUTE
    ../clib/microlib/init/entry.s            0x00000000   Number         0  entry10b.o ABSOLUTE
    ../clib/microlib/init/entry.s            0x00000000   Number         0  entry11a.o ABSOLUTE
    ../clib/microlib/init/entry.s            0x00000000   Number         0  entry11b.o ABSOLUTE
    ../clib/microlib/stdlib/rand.c           0x00000000   Number         0  rand.o ABSOLUTE
    ../clib/microlib/string/memcpy.c         0x00000000   Number         0  memcpyb.o ABSOLUTE
    ../clib/microlib/string/memcpy.c         0x00000000   Number         0  memcpya.o ABSOLUTE
    ../clib/microlib/string/memset.c         0x00000000   Number         0  memseta.o ABSOLUTE
    ../clib/microlib/stubs.s                 0x00000000   Number         0  useno.o ABSOLUTE
    dc.s                                     0x00000000   Number         0  dc.o ABSOLUTE
    handlers.s                               0x00000000   Number         0  handlers.o ABSOLUTE
    init.s                                   0x00000000   Number         0  init.o ABSOLUTE
    src\\bt.c                                0x00000000   Number         0  bt.o ABSOLUTE
    src\\clk.c                               0x00000000   Number         0  clk.o ABSOLUTE
    src\\ddl.c                               0x00000000   Number         0  ddl.o ABSOLUTE
    src\\flash.c                             0x00000000   Number         0  flash.o ABSOLUTE
    src\\gpio.c                              0x00000000   Number         0  gpio.o ABSOLUTE
    src\\interrupts_hc32l110.c               0x00000000   Number         0  interrupts_hc32l110.o ABSOLUTE
    src\\key.c                               0x00000000   Number         0  key.o ABSOLUTE
    src\\lpm.c                               0x00000000   Number         0  lpm.o ABSOLUTE
    src\\lpt.c                               0x00000000   Number         0  lpt.o ABSOLUTE
    src\\lpuart.c                            0x00000000   Number         0  lpuart.o ABSOLUTE
    src\\main.c                              0x00000000   Number         0  main.o ABSOLUTE
    src\\spi.c                               0x00000000   Number         0  spi.o ABSOLUTE
    src\\sx1278.c                            0x00000000   Number         0  sx1278.o ABSOLUTE
    src\\sx1278rxdelay.c                     0x00000000   Number         0  sx1278rxdelay.o ABSOLUTE
    src\\system_hc32l110.c                   0x00000000   Number         0  system_hc32l110.o ABSOLUTE
    src\\wdt.c                               0x00000000   Number         0  wdt.o ABSOLUTE
    src\bt.c                                 0x00000000   Number         0  bt.o ABSOLUTE
    src\clk.c                                0x00000000   Number         0  clk.o ABSOLUTE
    src\ddl.c                                0x00000000   Number         0  ddl.o ABSOLUTE
    src\flash.c                              0x00000000   Number         0  flash.o ABSOLUTE
    src\gpio.c                               0x00000000   Number         0  gpio.o ABSOLUTE
    src\interrupts_hc32l110.c                0x00000000   Number         0  interrupts_hc32l110.o ABSOLUTE
    src\key.c                                0x00000000   Number         0  key.o ABSOLUTE
    src\lpm.c                                0x00000000   Number         0  lpm.o ABSOLUTE
    src\lpt.c                                0x00000000   Number         0  lpt.o ABSOLUTE
    src\lpuart.c                             0x00000000   Number         0  lpuart.o ABSOLUTE
    src\main.c                               0x00000000   Number         0  main.o ABSOLUTE
    src\spi.c                                0x00000000   Number         0  spi.o ABSOLUTE
    src\startup_hc32l110.s                   0x00000000   Number         0  startup_hc32l110.o ABSOLUTE
    src\sx1278.c                             0x00000000   Number         0  sx1278.o ABSOLUTE
    src\sx1278rxdelay.c                      0x00000000   Number         0  sx1278rxdelay.o ABSOLUTE
    src\system_hc32l110.c                    0x00000000   Number         0  system_hc32l110.o ABSOLUTE
    src\wdt.c                                0x00000000   Number         0  wdt.o ABSOLUTE
    .ARM.Collect$$$$00000000                 0x000000c0   Section        0  entry.o(.ARM.Collect$$$$00000000)
    .ARM.Collect$$$$00000001                 0x000000c0   Section        4  entry2.o(.ARM.Collect$$$$00000001)
    .ARM.Collect$$$$00000004                 0x000000c4   Section        4  entry5.o(.ARM.Collect$$$$00000004)
    .ARM.Collect$$$$00000008                 0x000000c8   Section        0  entry7b.o(.ARM.Collect$$$$00000008)
    .ARM.Collect$$$$0000000A                 0x000000c8   Section        0  entry8b.o(.ARM.Collect$$$$0000000A)
    .ARM.Collect$$$$0000000B                 0x000000c8   Section        8  entry9a.o(.ARM.Collect$$$$0000000B)
    .ARM.Collect$$$$0000000D                 0x000000d0   Section        0  entry10a.o(.ARM.Collect$$$$0000000D)
    .ARM.Collect$$$$0000000F                 0x000000d0   Section        0  entry11a.o(.ARM.Collect$$$$0000000F)
    .ARM.Collect$$$$00002712                 0x000000d0   Section        4  entry2.o(.ARM.Collect$$$$00002712)
    __lit__00000000                          0x000000d0   Data           4  entry2.o(.ARM.Collect$$$$00002712)
    .text                                    0x000000d4   Section       60  startup_hc32l110.o(.text)
    .text                                    0x00000110   Section        0  uidiv.o(.text)
    .text                                    0x0000013c   Section        0  memcpya.o(.text)
    .text                                    0x00000160   Section        0  memseta.o(.text)
    .text                                    0x00000184   Section       36  init.o(.text)
    i.Bt1Int                                 0x000001a8   Section        0  bt.o(i.Bt1Int)
    i.Bt_ClearIntFlag                        0x000001e0   Section        0  bt.o(i.Bt_ClearIntFlag)
    i.Bt_EnableIrq                           0x0000022c   Section        0  bt.o(i.Bt_EnableIrq)
    i.Bt_GetIntFlag                          0x00000284   Section        0  bt.o(i.Bt_GetIntFlag)
    i.Bt_Init                                0x000002c4   Section        0  bt.o(i.Bt_Init)
    i.CLK_INIT                               0x000004b4   Section        0  clk.o(i.CLK_INIT)
    i.ClkUnlock                              0x000004d8   Section        0  clk.o(i.ClkUnlock)
    ClkUnlock                                0x000004d9   Thumb Code    12  clk.o(i.ClkUnlock)
    i.ClkWriteDummy                          0x000004f0   Section        0  clk.o(i.ClkWriteDummy)
    ClkWriteDummy                            0x000004f1   Thumb Code    16  clk.o(i.ClkWriteDummy)
    i.Clk_Enable                             0x00000504   Section        0  clk.o(i.Clk_Enable)
    i.Clk_GetClkRdy                          0x0000060c   Section        0  clk.o(i.Clk_GetClkRdy)
    i.Clk_GetHClkFreq                        0x00000654   Section        0  clk.o(i.Clk_GetHClkFreq)
    i.Clk_Init                               0x000006e0   Section        0  clk.o(i.Clk_Init)
    i.Clk_SetFunc                            0x000006fc   Section        0  clk.o(i.Clk_SetFunc)
    i.Clk_SetHClkDiv                         0x00000808   Section        0  clk.o(i.Clk_SetHClkDiv)
    i.Clk_SetPClkDiv                         0x00000874   Section        0  clk.o(i.Clk_SetPClkDiv)
    i.Clk_SetPeripheralGate                  0x000008c4   Section        0  clk.o(i.Clk_SetPeripheralGate)
    i.Clk_SetRCHFreq                         0x00000900   Section        0  clk.o(i.Clk_SetRCHFreq)
    i.Clk_SetRCLFreq                         0x000009a0   Section        0  clk.o(i.Clk_SetRCLFreq)
    i.Clk_SetRCL_StableTime                  0x000009f0   Section        0  clk.o(i.Clk_SetRCL_StableTime)
    i.Clk_SetSource                          0x00000a60   Section        0  clk.o(i.Clk_SetSource)
    i.Clk_SetXTH_StableTime                  0x00000aac   Section        0  clk.o(i.Clk_SetXTH_StableTime)
    i.Clk_SetXTL_StableTime                  0x00000b0c   Section        0  clk.o(i.Clk_SetXTL_StableTime)
    i.Clk_SwitchTo                           0x00000b6c   Section        0  clk.o(i.Clk_SwitchTo)
    i.Clk_SysTickConfig                      0x00000c18   Section        0  clk.o(i.Clk_SysTickConfig)
    i.EfRam_IRQHandler                       0x00000cdc   Section        0  flash.o(i.EfRam_IRQHandler)
    i.EnableNvic                             0x00000cec   Section        0  interrupts_hc32l110.o(i.EnableNvic)
    i.ErrIntCallback                         0x00000d40   Section        0  lpuart.o(i.ErrIntCallback)
    i.Gpio_ClearIrq                          0x00000d44   Section        0  gpio.o(i.Gpio_ClearIrq)
    i.Gpio_EnableIrq                         0x00000d68   Section        0  gpio.o(i.Gpio_EnableIrq)
    i.Gpio_GetIrqStat                        0x00000d80   Section        0  gpio.o(i.Gpio_GetIrqStat)
    i.Gpio_IRQHandler                        0x00000d98   Section        0  key.o(i.Gpio_IRQHandler)
    i.Gpio_InitIO                            0x00000e9c   Section        0  gpio.o(i.Gpio_InitIO)
    i.Gpio_InitIOExt                         0x00000f54   Section        0  gpio.o(i.Gpio_InitIOExt)
    i.Gpio_SetAnalog                         0x000010bc   Section        0  gpio.o(i.Gpio_SetAnalog)
    i.Gpio_SetIO                             0x000010fc   Section        0  gpio.o(i.Gpio_SetIO)
    i.HardFault_Handler                      0x00001144   Section        0  interrupts_hc32l110.o(i.HardFault_Handler)
    i.IRQ000_Handler                         0x00001154   Section        0  interrupts_hc32l110.o(i.IRQ000_Handler)
    i.IRQ001_Handler                         0x0000115e   Section        0  interrupts_hc32l110.o(i.IRQ001_Handler)
    i.IRQ002_Handler                         0x00001168   Section        0  interrupts_hc32l110.o(i.IRQ002_Handler)
    i.IRQ003_Handler                         0x00001172   Section        0  interrupts_hc32l110.o(i.IRQ003_Handler)
    i.IRQ006_Handler                         0x0000117c   Section        0  interrupts_hc32l110.o(i.IRQ006_Handler)
    i.IRQ007_Handler                         0x00001186   Section        0  interrupts_hc32l110.o(i.IRQ007_Handler)
    i.IRQ008_Handler                         0x00001190   Section        0  interrupts_hc32l110.o(i.IRQ008_Handler)
    i.IRQ010_Handler                         0x0000119a   Section        0  interrupts_hc32l110.o(i.IRQ010_Handler)
    i.IRQ012_Handler                         0x000011a4   Section        0  interrupts_hc32l110.o(i.IRQ012_Handler)
    i.IRQ014_Handler                         0x000011ae   Section        0  interrupts_hc32l110.o(i.IRQ014_Handler)
    i.IRQ015_Handler                         0x000011b8   Section        0  interrupts_hc32l110.o(i.IRQ015_Handler)
    i.IRQ016_Handler                         0x000011c2   Section        0  interrupts_hc32l110.o(i.IRQ016_Handler)
    i.IRQ017_Handler                         0x000011cc   Section        0  interrupts_hc32l110.o(i.IRQ017_Handler)
    i.IRQ018_Handler                         0x000011d6   Section        0  interrupts_hc32l110.o(i.IRQ018_Handler)
    i.IRQ019_Handler                         0x000011e0   Section        0  interrupts_hc32l110.o(i.IRQ019_Handler)
    i.IRQ020_Handler                         0x000011ea   Section        0  interrupts_hc32l110.o(i.IRQ020_Handler)
    i.IRQ021_Handler                         0x000011f4   Section        0  interrupts_hc32l110.o(i.IRQ021_Handler)
    i.IRQ022_Handler                         0x000011fe   Section        0  interrupts_hc32l110.o(i.IRQ022_Handler)
    i.IRQ023_Handler                         0x00001208   Section        0  interrupts_hc32l110.o(i.IRQ023_Handler)
    i.IRQ024_Handler                         0x00001212   Section        0  interrupts_hc32l110.o(i.IRQ024_Handler)
    i.IRQ026_Handler                         0x0000121c   Section        0  interrupts_hc32l110.o(i.IRQ026_Handler)
    i.IRQ027_Handler                         0x00001226   Section        0  interrupts_hc32l110.o(i.IRQ027_Handler)
    i.IRQ028_Handler                         0x00001230   Section        0  interrupts_hc32l110.o(i.IRQ028_Handler)
    i.IRQ030_Handler                         0x0000123a   Section        0  interrupts_hc32l110.o(i.IRQ030_Handler)
    i.IRQ031_Handler                         0x00001244   Section        0  interrupts_hc32l110.o(i.IRQ031_Handler)
    i.InitRFio                               0x0000124e   Section        0  sx1278.o(i.InitRFio)
    i.KEY_INIT                               0x000012f6   Section        0  key.o(i.KEY_INIT)
    i.LPTIME_INIT                            0x00001310   Section        0  lpt.o(i.LPTIME_INIT)
    i.LPUART_INIT                            0x00001368   Section        0  lpuart.o(i.LPUART_INIT)
    i.LPUartDeInitNvic                       0x00001468   Section        0  lpuart.o(i.LPUartDeInitNvic)
    LPUartDeInitNvic                         0x00001469   Thumb Code    30  lpuart.o(i.LPUartDeInitNvic)
    i.LPUartGetInternDataCb                  0x0000148c   Section        0  lpuart.o(i.LPUartGetInternDataCb)
    LPUartGetInternDataCb                    0x0000148d   Thumb Code     4  lpuart.o(i.LPUartGetInternDataCb)
    i.LPUartInitNvic                         0x00001494   Section        0  lpuart.o(i.LPUartInitNvic)
    LPUartInitNvic                           0x00001495   Thumb Code    30  lpuart.o(i.LPUartInitNvic)
    i.LPUart_ClrStatus                       0x000014b8   Section        0  lpuart.o(i.LPUart_ClrStatus)
    i.LPUart_EnableFunc                      0x00001500   Section        0  lpuart.o(i.LPUart_EnableFunc)
    i.LPUart_EnableIrq                       0x00001524   Section        0  lpuart.o(i.LPUart_EnableIrq)
    i.LPUart_Init                            0x00001574   Section        0  lpuart.o(i.LPUart_Init)
    i.LPUart_ReceiveData                     0x000015dc   Section        0  lpuart.o(i.LPUart_ReceiveData)
    i.LPUart_SelSclk                         0x000016cc   Section        0  lpuart.o(i.LPUart_SelSclk)
    i.LPUart_SelSclkPrs                      0x00001710   Section        0  lpuart.o(i.LPUart_SelSclkPrs)
    i.LPUart_SetMode                         0x00001738   Section        0  lpuart.o(i.LPUart_SetMode)
    i.LPUart_SetMultiMode                    0x000017ac   Section        0  lpuart.o(i.LPUart_SetMultiMode)
    i.Log2                                   0x000017e0   Section        0  ddl.o(i.Log2)
    i.LpTim_IRQHandler                       0x000017f8   Section        0  lpt.o(i.LpTim_IRQHandler)
    i.LpUart_IRQHandler                      0x00001808   Section        0  lpuart.o(i.LpUart_IRQHandler)
    i.Lpm_Config                             0x0000186c   Section        0  lpm.o(i.Lpm_Config)
    i.LptInt                                 0x000018cc   Section        0  lpt.o(i.LptInt)
    i.Lpt_ARRSet                             0x000018e0   Section        0  lpt.o(i.Lpt_ARRSet)
    i.Lpt_ClearIntFlag                       0x00001910   Section        0  lpt.o(i.Lpt_ClearIntFlag)
    i.Lpt_EnableIrq                          0x00001924   Section        0  lpt.o(i.Lpt_EnableIrq)
    i.Lpt_Init                               0x0000193c   Section        0  lpt.o(i.Lpt_Init)
    i.Lpt_Run                                0x000019d8   Section        0  lpt.o(i.Lpt_Run)
    i.Lpt_Stop                               0x000019f0   Section        0  lpt.o(i.Lpt_Stop)
    i.NVIC_ClearPendingIRQ                   0x00001a04   Section        0  lpuart.o(i.NVIC_ClearPendingIRQ)
    NVIC_ClearPendingIRQ                     0x00001a05   Thumb Code    14  lpuart.o(i.NVIC_ClearPendingIRQ)
    i.NVIC_SetPriority                       0x00001a18   Section        0  clk.o(i.NVIC_SetPriority)
    NVIC_SetPriority                         0x00001a19   Thumb Code   110  clk.o(i.NVIC_SetPriority)
    i.NVIC_SetPriority                       0x00001a90   Section        0  interrupts_hc32l110.o(i.NVIC_SetPriority)
    NVIC_SetPriority                         0x00001a91   Thumb Code   110  interrupts_hc32l110.o(i.NVIC_SetPriority)
    i.NVIC_SetPriority                       0x00001b08   Section        0  lpuart.o(i.NVIC_SetPriority)
    NVIC_SetPriority                         0x00001b09   Thumb Code   110  lpuart.o(i.NVIC_SetPriority)
    i.ReadData                               0x00001b80   Section        0  spi.o(i.ReadData)
    i.RxIntCallback                          0x00001bdc   Section        0  lpuart.o(i.RxIntCallback)
    i.SPI_INIT                               0x00001be4   Section        0  spi.o(i.SPI_INIT)
    i.SX1278_HW_init                         0x00001cec   Section        0  sx1278.o(i.SX1278_HW_init)
    i.SX1278_LoRaEntryRx                     0x00001d10   Section        0  sx1278.o(i.SX1278_LoRaEntryRx)
    i.SX1278_LoRaEntryTx                     0x00001db8   Section        0  sx1278.o(i.SX1278_LoRaEntryTx)
    i.SX1278_LoRaRxPacket                    0x00001e48   Section        0  sx1278.o(i.SX1278_LoRaRxPacket)
    i.SX1278_LoRaTxPacket                    0x00001eb0   Section        0  sx1278.o(i.SX1278_LoRaTxPacket)
    i.SX1278_SPIBurstWrite                   0x00001f24   Section        0  sx1278.o(i.SX1278_SPIBurstWrite)
    i.SX1278_SPIRead                         0x00001f62   Section        0  sx1278.o(i.SX1278_SPIRead)
    i.SX1278_SPIWrite                        0x00001f8a   Section        0  sx1278.o(i.SX1278_SPIWrite)
    i.SX1278_begin                           0x00001fb0   Section        0  sx1278.o(i.SX1278_begin)
    i.SX1278_clearLoRaIrq                    0x00001fd4   Section        0  sx1278.o(i.SX1278_clearLoRaIrq)
    i.SX1278_config                          0x00001fe0   Section        0  sx1278.o(i.SX1278_config)
    i.SX1278_defaultConfig                   0x000020ec   Section        0  sx1278.o(i.SX1278_defaultConfig)
    i.SX1278_entryLoRa                       0x00002102   Section        0  sx1278.o(i.SX1278_entryLoRa)
    i.SX1278_hw_Reset                        0x0000210e   Section        0  sx1278.o(i.SX1278_hw_Reset)
    i.SX1278_read                            0x00002138   Section        0  sx1278.o(i.SX1278_read)
    i.SX1278_sleep                           0x00002160   Section        0  sx1278.o(i.SX1278_sleep)
    i.SX1278_standby                         0x00002172   Section        0  sx1278.o(i.SX1278_standby)
    i.Spi_GetStatus                          0x00002184   Section        0  spi.o(i.Spi_GetStatus)
    i.Spi_IRQHandler                         0x000021cc   Section        0  spi.o(i.Spi_IRQHandler)
    i.Spi_Init                               0x000021dc   Section        0  spi.o(i.Spi_Init)
    i.Spi_SetCS                              0x00002294   Section        0  spi.o(i.Spi_SetCS)
    i.SystemCoreClockUpdate                  0x000022a0   Section        0  system_hc32l110.o(i.SystemCoreClockUpdate)
    i.SystemInit                             0x000022b0   Section        0  system_hc32l110.o(i.SystemInit)
    i.TIME_INIT                              0x000022e4   Section        0  bt.o(i.TIME_INIT)
    i.Tim_IRQHandler                         0x0000233c   Section        0  bt.o(i.Tim_IRQHandler)
    i.WDT_INIT                               0x00002378   Section        0  wdt.o(i.WDT_INIT)
    i.WdtCallback                            0x000023a8   Section        0  wdt.o(i.WdtCallback)
    i.Wdt_IRQHandler                         0x0000240c   Section        0  wdt.o(i.Wdt_IRQHandler)
    i.Wdt_Init                               0x00002438   Section        0  wdt.o(i.Wdt_Init)
    i.Wdt_Start                              0x00002480   Section        0  wdt.o(i.Wdt_Start)
    i.Wdt_WriteWdtLoad                       0x00002494   Section        0  wdt.o(i.Wdt_WriteWdtLoad)
    i.WriteData                              0x000024ac   Section        0  spi.o(i.WriteData)
    i._GpioEnableIrq                         0x00002508   Section        0  gpio.o(i._GpioEnableIrq)
    i.__ARM_common_switch8                   0x000025fc   Section        0  clk.o(i.__ARM_common_switch8)
    i.__scatterload_copy                     0x00002618   Section       14  handlers.o(i.__scatterload_copy)
    i.__scatterload_null                     0x00002626   Section        2  handlers.o(i.__scatterload_null)
    i.__scatterload_zeroinit                 0x00002628   Section       14  handlers.o(i.__scatterload_zeroinit)
    i.ddl_memclr                             0x00002636   Section        0  ddl.o(i.ddl_memclr)
    i.delay1ms                               0x00002658   Section        0  ddl.o(i.delay1ms)
    i.main                                   0x00002694   Section        0  main.o(i.main)
    i.sleep_config                           0x0000274c   Section        0  main.o(i.sleep_config)
    .constdata                               0x000027e4   Section        4  clk.o(.constdata)
    .constdata                               0x000027e8   Section       24  sx1278.o(.constdata)
    SX1278_Frequency                         0x000027e8   Data           3  sx1278.o(.constdata)
    SX1278_Power                             0x000027eb   Data           4  sx1278.o(.constdata)
    SX1278_SpreadFactor                      0x000027ef   Data           7  sx1278.o(.constdata)
    SX1278_LoRaBandwidth                     0x000027f6   Data          10  sx1278.o(.constdata)
    .data                                    0x20000000   Section        4  system_hc32l110.o(.data)
    .data                                    0x20000004   Section       16  wdt.o(.data)
    .data                                    0x20000014   Section        8  spi.o(.data)
    pfnSpiCallback                           0x20000018   Data           4  spi.o(.data)
    .data                                    0x2000001c   Section       19  lpt.o(.data)
    .data                                    0x20000030   Section       14  bt.o(.data)
    pfnTim0Callback                          0x20000030   Data           4  bt.o(.data)
    pfnTim1Callback                          0x20000034   Data           4  bt.o(.data)
    pfnTim2Callback                          0x20000038   Data           4  bt.o(.data)
    .data                                    0x2000003e   Section       11  lpuart.o(.data)
    .data                                    0x20000049   Section        4  key.o(.data)
    .data                                    0x2000004e   Section       18  sx1278.o(.data)
    .data                                    0x20000060   Section        4  flash.o(.data)
    pfnFlashCallback                         0x20000060   Data           4  flash.o(.data)
    .bss                                     0x20000064   Section      222  lpuart.o(.bss)
    stcLPUartIrqCb                           0x2000012c   Data          12  lpuart.o(.bss)
    .bss                                     0x20000142   Section     1226  sx1278rxdelay.o(.bss)
    STACK                                    0x20000610   Section      512  startup_hc32l110.o(STACK)

    Global Symbols

    Symbol Name                              Value     Ov Type        Size  Object(Section)

    BuildAttributes$$THM_ISAv3M$S$PE$A:L22$X:L11$S22$IEEE1$IW$USESV6$~STKCKD$USESV7$~SHL$OSPACE$EBA8$MICROLIB$REQ8$PRES8$EABIv2 0x00000000   Number         0  anon$$obj.o ABSOLUTE
    __ARM_use_no_argv                        0x00000000   Number         0  main.o ABSOLUTE
    __Vectors                                0x00000000   Data           4  startup_hc32l110.o(RESET)
    __use_no_errno                           0x00000000   Number         0  useno.o ABSOLUTE
    __use_no_exception_handling              0x00000000   Number         0  useno.o ABSOLUTE
    __use_no_fp                              0x00000000   Number         0  useno.o ABSOLUTE
    __use_no_heap                            0x00000000   Number         0  useno.o ABSOLUTE
    __use_no_heap_region                     0x00000000   Number         0  useno.o ABSOLUTE
    __use_no_semihosting                     0x00000000   Number         0  useno.o ABSOLUTE
    __use_no_semihosting_swi                 0x00000000   Number         0  useno.o ABSOLUTE
    __use_no_signal_handling                 0x00000000   Number         0  useno.o ABSOLUTE
    Adc_IRQHandler                            - Undefined Weak Reference
    Adt_IRQHandler                            - Undefined Weak Reference
    ClkTrim_IRQHandler                        - Undefined Weak Reference
    I2c_IRQHandler                            - Undefined Weak Reference
    Lvd_IRQHandler                            - Undefined Weak Reference
    Pca_IRQHandler                            - Undefined Weak Reference
    Rtc_IRQHandler                            - Undefined Weak Reference
    Uart_IRQHandler                           - Undefined Weak Reference
    Vc_IRQHandler                             - Undefined Weak Reference
    __cpp_initialize__aeabi_                  - Undefined Weak Reference
    __cxa_finalize                            - Undefined Weak Reference
    __decompress                              - Undefined Weak Reference
    _clock_init                               - Undefined Weak Reference
    _microlib_exit                            - Undefined Weak Reference
    __Vectors_End                            0x000000c0   Data           0  startup_hc32l110.o(RESET)
    __Vectors_Size                           0x000000c0   Number         0  startup_hc32l110.o ABSOLUTE
    __main                                   0x000000c1   Thumb Code     0  entry.o(.ARM.Collect$$$$00000000)
    _main_stk                                0x000000c1   Thumb Code     0  entry2.o(.ARM.Collect$$$$00000001)
    _main_scatterload                        0x000000c5   Thumb Code     0  entry5.o(.ARM.Collect$$$$00000004)
    __main_after_scatterload                 0x000000c9   Thumb Code     0  entry5.o(.ARM.Collect$$$$00000004)
    _main_clock                              0x000000c9   Thumb Code     0  entry7b.o(.ARM.Collect$$$$00000008)
    _main_cpp_init                           0x000000c9   Thumb Code     0  entry8b.o(.ARM.Collect$$$$0000000A)
    _main_init                               0x000000c9   Thumb Code     0  entry9a.o(.ARM.Collect$$$$0000000B)
    __rt_final_cpp                           0x000000d1   Thumb Code     0  entry10a.o(.ARM.Collect$$$$0000000D)
    __rt_final_exit                          0x000000d1   Thumb Code     0  entry11a.o(.ARM.Collect$$$$0000000F)
    Reset_Handler                            0x000000d5   Thumb Code    26  startup_hc32l110.o(.text)
    NMI_Handler                              0x000000ef   Thumb Code     2  startup_hc32l110.o(.text)
    SVC_Handler                              0x000000f3   Thumb Code     2  startup_hc32l110.o(.text)
    PendSV_Handler                           0x000000f5   Thumb Code     2  startup_hc32l110.o(.text)
    SysTick_Handler                          0x000000f7   Thumb Code     2  startup_hc32l110.o(.text)
    IRQ004_Handler                           0x000000f9   Thumb Code     0  startup_hc32l110.o(.text)
    IRQ005_Handler                           0x000000f9   Thumb Code     0  startup_hc32l110.o(.text)
    IRQ009_Handler                           0x000000f9   Thumb Code     0  startup_hc32l110.o(.text)
    IRQ011_Handler                           0x000000f9   Thumb Code     0  startup_hc32l110.o(.text)
    IRQ013_Handler                           0x000000f9   Thumb Code     0  startup_hc32l110.o(.text)
    IRQ025_Handler                           0x000000f9   Thumb Code     0  startup_hc32l110.o(.text)
    IRQ029_Handler                           0x000000f9   Thumb Code     0  startup_hc32l110.o(.text)
    __aeabi_uidiv                            0x00000111   Thumb Code     0  uidiv.o(.text)
    __aeabi_uidivmod                         0x00000111   Thumb Code    44  uidiv.o(.text)
    __aeabi_memcpy                           0x0000013d   Thumb Code    36  memcpya.o(.text)
    __aeabi_memcpy4                          0x0000013d   Thumb Code     0  memcpya.o(.text)
    __aeabi_memcpy8                          0x0000013d   Thumb Code     0  memcpya.o(.text)
    __aeabi_memset                           0x00000161   Thumb Code    14  memseta.o(.text)
    __aeabi_memset4                          0x00000161   Thumb Code     0  memseta.o(.text)
    __aeabi_memset8                          0x00000161   Thumb Code     0  memseta.o(.text)
    __aeabi_memclr                           0x0000016f   Thumb Code     4  memseta.o(.text)
    __aeabi_memclr4                          0x0000016f   Thumb Code     0  memseta.o(.text)
    __aeabi_memclr8                          0x0000016f   Thumb Code     0  memseta.o(.text)
    _memset$wrapper                          0x00000173   Thumb Code    18  memseta.o(.text)
    __scatterload                            0x00000185   Thumb Code    28  init.o(.text)
    __scatterload_rt2                        0x00000185   Thumb Code     0  init.o(.text)
    Bt1Int                                   0x000001a9   Thumb Code    48  bt.o(i.Bt1Int)
    Bt_ClearIntFlag                          0x000001e1   Thumb Code    72  bt.o(i.Bt_ClearIntFlag)
    Bt_EnableIrq                             0x0000022d   Thumb Code    84  bt.o(i.Bt_EnableIrq)
    Bt_GetIntFlag                            0x00000285   Thumb Code    58  bt.o(i.Bt_GetIntFlag)
    Bt_Init                                  0x000002c5   Thumb Code   478  bt.o(i.Bt_Init)
    CLK_INIT                                 0x000004b5   Thumb Code    36  clk.o(i.CLK_INIT)
    Clk_Enable                               0x00000505   Thumb Code   254  clk.o(i.Clk_Enable)
    Clk_GetClkRdy                            0x0000060d   Thumb Code    68  clk.o(i.Clk_GetClkRdy)
    Clk_GetHClkFreq                          0x00000655   Thumb Code   120  clk.o(i.Clk_GetHClkFreq)
    Clk_Init                                 0x000006e1   Thumb Code    26  clk.o(i.Clk_Init)
    Clk_SetFunc                              0x000006fd   Thumb Code   262  clk.o(i.Clk_SetFunc)
    Clk_SetHClkDiv                           0x00000809   Thumb Code   104  clk.o(i.Clk_SetHClkDiv)
    Clk_SetPClkDiv                           0x00000875   Thumb Code    76  clk.o(i.Clk_SetPClkDiv)
    Clk_SetPeripheralGate                    0x000008c5   Thumb Code    54  clk.o(i.Clk_SetPeripheralGate)
    Clk_SetRCHFreq                           0x00000901   Thumb Code   150  clk.o(i.Clk_SetRCHFreq)
    Clk_SetRCLFreq                           0x000009a1   Thumb Code    72  clk.o(i.Clk_SetRCLFreq)
    Clk_SetRCL_StableTime                    0x000009f1   Thumb Code   108  clk.o(i.Clk_SetRCL_StableTime)
    Clk_SetSource                            0x00000a61   Thumb Code    70  clk.o(i.Clk_SetSource)
    Clk_SetXTH_StableTime                    0x00000aad   Thumb Code    92  clk.o(i.Clk_SetXTH_StableTime)
    Clk_SetXTL_StableTime                    0x00000b0d   Thumb Code    92  clk.o(i.Clk_SetXTL_StableTime)
    Clk_SwitchTo                             0x00000b6d   Thumb Code   156  clk.o(i.Clk_SwitchTo)
    Clk_SysTickConfig                        0x00000c19   Thumb Code   188  clk.o(i.Clk_SysTickConfig)
    EfRam_IRQHandler                         0x00000cdd   Thumb Code    12  flash.o(i.EfRam_IRQHandler)
    EnableNvic                               0x00000ced   Thumb Code    76  interrupts_hc32l110.o(i.EnableNvic)
    ErrIntCallback                           0x00000d41   Thumb Code     2  lpuart.o(i.ErrIntCallback)
    Gpio_ClearIrq                            0x00000d45   Thumb Code    30  gpio.o(i.Gpio_ClearIrq)
    Gpio_EnableIrq                           0x00000d69   Thumb Code    24  gpio.o(i.Gpio_EnableIrq)
    Gpio_GetIrqStat                          0x00000d81   Thumb Code    18  gpio.o(i.Gpio_GetIrqStat)
    Gpio_IRQHandler                          0x00000d99   Thumb Code   224  key.o(i.Gpio_IRQHandler)
    Gpio_InitIO                              0x00000e9d   Thumb Code   176  gpio.o(i.Gpio_InitIO)
    Gpio_InitIOExt                           0x00000f55   Thumb Code   350  gpio.o(i.Gpio_InitIOExt)
    Gpio_SetAnalog                           0x000010bd   Thumb Code    58  gpio.o(i.Gpio_SetAnalog)
    Gpio_SetIO                               0x000010fd   Thumb Code    66  gpio.o(i.Gpio_SetIO)
    HardFault_Handler                        0x00001145   Thumb Code    16  interrupts_hc32l110.o(i.HardFault_Handler)
    IRQ000_Handler                           0x00001155   Thumb Code    10  interrupts_hc32l110.o(i.IRQ000_Handler)
    IRQ001_Handler                           0x0000115f   Thumb Code    10  interrupts_hc32l110.o(i.IRQ001_Handler)
    IRQ002_Handler                           0x00001169   Thumb Code    10  interrupts_hc32l110.o(i.IRQ002_Handler)
    IRQ003_Handler                           0x00001173   Thumb Code    10  interrupts_hc32l110.o(i.IRQ003_Handler)
    IRQ006_Handler                           0x0000117d   Thumb Code    10  interrupts_hc32l110.o(i.IRQ006_Handler)
    IRQ007_Handler                           0x00001187   Thumb Code    10  interrupts_hc32l110.o(i.IRQ007_Handler)
    IRQ008_Handler                           0x00001191   Thumb Code    10  interrupts_hc32l110.o(i.IRQ008_Handler)
    IRQ010_Handler                           0x0000119b   Thumb Code    10  interrupts_hc32l110.o(i.IRQ010_Handler)
    IRQ012_Handler                           0x000011a5   Thumb Code    10  interrupts_hc32l110.o(i.IRQ012_Handler)
    IRQ014_Handler                           0x000011af   Thumb Code    10  interrupts_hc32l110.o(i.IRQ014_Handler)
    IRQ015_Handler                           0x000011b9   Thumb Code    10  interrupts_hc32l110.o(i.IRQ015_Handler)
    IRQ016_Handler                           0x000011c3   Thumb Code    10  interrupts_hc32l110.o(i.IRQ016_Handler)
    IRQ017_Handler                           0x000011cd   Thumb Code    10  interrupts_hc32l110.o(i.IRQ017_Handler)
    IRQ018_Handler                           0x000011d7   Thumb Code    10  interrupts_hc32l110.o(i.IRQ018_Handler)
    IRQ019_Handler                           0x000011e1   Thumb Code    10  interrupts_hc32l110.o(i.IRQ019_Handler)
    IRQ020_Handler                           0x000011eb   Thumb Code    10  interrupts_hc32l110.o(i.IRQ020_Handler)
    IRQ021_Handler                           0x000011f5   Thumb Code    10  interrupts_hc32l110.o(i.IRQ021_Handler)
    IRQ022_Handler                           0x000011ff   Thumb Code    10  interrupts_hc32l110.o(i.IRQ022_Handler)
    IRQ023_Handler                           0x00001209   Thumb Code    10  interrupts_hc32l110.o(i.IRQ023_Handler)
    IRQ024_Handler                           0x00001213   Thumb Code    10  interrupts_hc32l110.o(i.IRQ024_Handler)
    IRQ026_Handler                           0x0000121d   Thumb Code    10  interrupts_hc32l110.o(i.IRQ026_Handler)
    IRQ027_Handler                           0x00001227   Thumb Code    10  interrupts_hc32l110.o(i.IRQ027_Handler)
    IRQ028_Handler                           0x00001231   Thumb Code    10  interrupts_hc32l110.o(i.IRQ028_Handler)
    IRQ030_Handler                           0x0000123b   Thumb Code    10  interrupts_hc32l110.o(i.IRQ030_Handler)
    IRQ031_Handler                           0x00001245   Thumb Code    10  interrupts_hc32l110.o(i.IRQ031_Handler)
    InitRFio                                 0x0000124f   Thumb Code   168  sx1278.o(i.InitRFio)
    KEY_INIT                                 0x000012f7   Thumb Code    24  key.o(i.KEY_INIT)
    LPTIME_INIT                              0x00001311   Thumb Code    84  lpt.o(i.LPTIME_INIT)
    LPUART_INIT                              0x00001369   Thumb Code   240  lpuart.o(i.LPUART_INIT)
    LPUart_ClrStatus                         0x000014b9   Thumb Code    68  lpuart.o(i.LPUart_ClrStatus)
    LPUart_EnableFunc                        0x00001501   Thumb Code    30  lpuart.o(i.LPUart_EnableFunc)
    LPUart_EnableIrq                         0x00001525   Thumb Code    76  lpuart.o(i.LPUart_EnableIrq)
    LPUart_Init                              0x00001575   Thumb Code   102  lpuart.o(i.LPUart_Init)
    LPUart_ReceiveData                       0x000015dd   Thumb Code   210  lpuart.o(i.LPUart_ReceiveData)
    LPUart_SelSclk                           0x000016cd   Thumb Code    62  lpuart.o(i.LPUart_SelSclk)
    LPUart_SelSclkPrs                        0x00001711   Thumb Code    34  lpuart.o(i.LPUart_SelSclkPrs)
    LPUart_SetMode                           0x00001739   Thumb Code   112  lpuart.o(i.LPUart_SetMode)
    LPUart_SetMultiMode                      0x000017ad   Thumb Code    46  lpuart.o(i.LPUart_SetMultiMode)
    Log2                                     0x000017e1   Thumb Code    24  ddl.o(i.Log2)
    LpTim_IRQHandler                         0x000017f9   Thumb Code    12  lpt.o(i.LpTim_IRQHandler)
    LpUart_IRQHandler                        0x00001809   Thumb Code    96  lpuart.o(i.LpUart_IRQHandler)
    Lpm_Config                               0x0000186d   Thumb Code    92  lpm.o(i.Lpm_Config)
    LptInt                                   0x000018cd   Thumb Code    14  lpt.o(i.LptInt)
    Lpt_ARRSet                               0x000018e1   Thumb Code    44  lpt.o(i.Lpt_ARRSet)
    Lpt_ClearIntFlag                         0x00001911   Thumb Code    16  lpt.o(i.Lpt_ClearIntFlag)
    Lpt_EnableIrq                            0x00001925   Thumb Code    20  lpt.o(i.Lpt_EnableIrq)
    Lpt_Init                                 0x0000193d   Thumb Code   148  lpt.o(i.Lpt_Init)
    Lpt_Run                                  0x000019d9   Thumb Code    18  lpt.o(i.Lpt_Run)
    Lpt_Stop                                 0x000019f1   Thumb Code    16  lpt.o(i.Lpt_Stop)
    ReadData                                 0x00001b81   Thumb Code    84  spi.o(i.ReadData)
    RxIntCallback                            0x00001bdd   Thumb Code     8  lpuart.o(i.RxIntCallback)
    SPI_INIT                                 0x00001be5   Thumb Code   252  spi.o(i.SPI_INIT)
    SX1278_HW_init                           0x00001ced   Thumb Code    36  sx1278.o(i.SX1278_HW_init)
    SX1278_LoRaEntryRx                       0x00001d11   Thumb Code   160  sx1278.o(i.SX1278_LoRaEntryRx)
    SX1278_LoRaEntryTx                       0x00001db9   Thumb Code   134  sx1278.o(i.SX1278_LoRaEntryTx)
    SX1278_LoRaRxPacket                      0x00001e49   Thumb Code    90  sx1278.o(i.SX1278_LoRaRxPacket)
    SX1278_LoRaTxPacket                      0x00001eb1   Thumb Code   106  sx1278.o(i.SX1278_LoRaTxPacket)
    SX1278_SPIBurstWrite                     0x00001f25   Thumb Code    62  sx1278.o(i.SX1278_SPIBurstWrite)
    SX1278_SPIRead                           0x00001f63   Thumb Code    40  sx1278.o(i.SX1278_SPIRead)
    SX1278_SPIWrite                          0x00001f8b   Thumb Code    38  sx1278.o(i.SX1278_SPIWrite)
    SX1278_begin                             0x00001fb1   Thumb Code    36  sx1278.o(i.SX1278_begin)
    SX1278_clearLoRaIrq                      0x00001fd5   Thumb Code    12  sx1278.o(i.SX1278_clearLoRaIrq)
    SX1278_config                            0x00001fe1   Thumb Code   246  sx1278.o(i.SX1278_config)
    SX1278_defaultConfig                     0x000020ed   Thumb Code    22  sx1278.o(i.SX1278_defaultConfig)
    SX1278_entryLoRa                         0x00002103   Thumb Code    12  sx1278.o(i.SX1278_entryLoRa)
    SX1278_hw_Reset                          0x0000210f   Thumb Code    42  sx1278.o(i.SX1278_hw_Reset)
    SX1278_read                              0x00002139   Thumb Code    40  sx1278.o(i.SX1278_read)
    SX1278_sleep                             0x00002161   Thumb Code    18  sx1278.o(i.SX1278_sleep)
    SX1278_standby                           0x00002173   Thumb Code    18  sx1278.o(i.SX1278_standby)
    Spi_GetStatus                            0x00002185   Thumb Code    66  spi.o(i.Spi_GetStatus)
    Spi_IRQHandler                           0x000021cd   Thumb Code    12  spi.o(i.Spi_IRQHandler)
    Spi_Init                                 0x000021dd   Thumb Code   174  spi.o(i.Spi_Init)
    Spi_SetCS                                0x00002295   Thumb Code     6  spi.o(i.Spi_SetCS)
    SystemCoreClockUpdate                    0x000022a1   Thumb Code    12  system_hc32l110.o(i.SystemCoreClockUpdate)
    SystemInit                               0x000022b1   Thumb Code    46  system_hc32l110.o(i.SystemInit)
    TIME_INIT                                0x000022e5   Thumb Code    82  bt.o(i.TIME_INIT)
    Tim_IRQHandler                           0x0000233d   Thumb Code    48  bt.o(i.Tim_IRQHandler)
    WDT_INIT                                 0x00002379   Thumb Code    42  wdt.o(i.WDT_INIT)
    WdtCallback                              0x000023a9   Thumb Code    92  wdt.o(i.WdtCallback)
    Wdt_IRQHandler                           0x0000240d   Thumb Code    36  wdt.o(i.Wdt_IRQHandler)
    Wdt_Init                                 0x00002439   Thumb Code    62  wdt.o(i.Wdt_Init)
    Wdt_Start                                0x00002481   Thumb Code    16  wdt.o(i.Wdt_Start)
    Wdt_WriteWdtLoad                         0x00002495   Thumb Code    20  wdt.o(i.Wdt_WriteWdtLoad)
    WriteData                                0x000024ad   Thumb Code    80  spi.o(i.WriteData)
    _GpioEnableIrq                           0x00002509   Thumb Code   240  gpio.o(i._GpioEnableIrq)
    __ARM_common_switch8                     0x000025fd   Thumb Code    28  clk.o(i.__ARM_common_switch8)
    __scatterload_copy                       0x00002619   Thumb Code    14  handlers.o(i.__scatterload_copy)
    __scatterload_null                       0x00002627   Thumb Code     2  handlers.o(i.__scatterload_null)
    __scatterload_zeroinit                   0x00002629   Thumb Code    14  handlers.o(i.__scatterload_zeroinit)
    ddl_memclr                               0x00002637   Thumb Code    32  ddl.o(i.ddl_memclr)
    delay1ms                                 0x00002659   Thumb Code    50  ddl.o(i.delay1ms)
    main                                     0x00002695   Thumb Code   170  main.o(i.main)
    sleep_config                             0x0000274d   Thumb Code   150  main.o(i.sleep_config)
    Region$$Table$$Base                      0x00002800   Number         0  anon$$obj.o(Region$$Table)
    Region$$Table$$Limit                     0x00002820   Number         0  anon$$obj.o(Region$$Table)
    SystemCoreClock                          0x20000000   Data           4  system_hc32l110.o(.data)
    lorasendend                              0x20000004   Data           1  wdt.o(.data)
    debugflag                                0x20000005   Data           1  wdt.o(.data)
    debugcount                               0x20000006   Data           1  wdt.o(.data)
    pfnWdtCallback                           0x20000008   Data           4  wdt.o(.data)
    wdtflag                                  0x2000000c   Data           1  wdt.o(.data)
    wdtcount                                 0x2000000e   Data           2  wdt.o(.data)
    wdtdebugcount                            0x20000010   Data           2  wdt.o(.data)
    lorasendstart                            0x20000012   Data           1  wdt.o(.data)
    testcount                                0x20000013   Data           1  wdt.o(.data)
    bIrq                                     0x20000014   Data           1  spi.o(.data)
    bIrqData                                 0x20000015   Data           1  spi.o(.data)
    u32LptFlag1                              0x2000001c   Data           1  lpt.o(.data)
    sendtimeflag                             0x2000001d   Data           1  lpt.o(.data)
    pfnLpTimCallback                         0x20000020   Data           4  lpt.o(.data)
    u32LptFlag                               0x20000024   Data           1  lpt.o(.data)
    count                                    0x20000028   Data           4  lpt.o(.data)
    test                                     0x2000002c   Data           1  lpt.o(.data)
    test1                                    0x2000002d   Data           1  lpt.o(.data)
    LptFlaggongzhuang                        0x2000002e   Data           1  lpt.o(.data)
    u32BtFlag                                0x2000003c   Data           1  bt.o(.data)
    btcount                                  0x2000003d   Data           1  bt.o(.data)
    onceflag                                 0x2000003e   Data           1  lpuart.o(.data)
    lpuartflag                               0x2000003f   Data           1  lpuart.o(.data)
    u8RxFlg                                  0x20000040   Data           1  lpuart.o(.data)
    sendcountstart                           0x20000041   Data           1  lpuart.o(.data)
    sentnum                                  0x20000042   Data           1  lpuart.o(.data)
    receivenum                               0x20000043   Data           1  lpuart.o(.data)
    endflag                                  0x20000044   Data           1  lpuart.o(.data)
    lpuartbuffstart                          0x20000045   Data           1  lpuart.o(.data)
    lpuartbuffend                            0x20000046   Data           1  lpuart.o(.data)
    aaflag                                   0x20000047   Data           1  lpuart.o(.data)
    UartTxLen                                0x20000048   Data           1  lpuart.o(.data)
    ret                                      0x20000049   Data           1  key.o(.data)
    keyflag                                  0x2000004a   Data           1  key.o(.data)
    keycount                                 0x2000004b   Data           1  key.o(.data)
    START                                    0x2000004c   Data           1  key.o(.data)
    LoRaNodeRxFlag                           0x2000004e   Data           1  sx1278.o(.data)
    LoRaNodeTxFlag                           0x2000004f   Data           1  sx1278.o(.data)
    DIO3flag                                 0x20000050   Data           1  sx1278.o(.data)
    DIO1flag                                 0x20000051   Data           1  sx1278.o(.data)
    Dbuf                                     0x20000052   Data           1  sx1278.o(.data)
    addrbuf                                  0x20000053   Data           1  sx1278.o(.data)
    ModemStatbuf                             0x20000054   Data           1  sx1278.o(.data)
    RegFifoRxCurrentaddrbuf                  0x20000055   Data           1  sx1278.o(.data)
    RegRxNbBytesbuf                          0x20000056   Data           1  sx1278.o(.data)
    RegFifoTxBaseAddrbuf                     0x20000057   Data           1  sx1278.o(.data)
    RegPayloadLengthbuf                      0x20000058   Data           1  sx1278.o(.data)
    RegIrqFlagsbuf                           0x20000059   Data           1  sx1278.o(.data)
    versionbuf                               0x2000005a   Data           1  sx1278.o(.data)
    databuff                                 0x2000005b   Data           1  sx1278.o(.data)
    RegOpModebuf                             0x2000005c   Data           1  sx1278.o(.data)
    txcount                                  0x2000005e   Data           2  sx1278.o(.data)
    u8RxData                                 0x20000064   Data         200  lpuart.o(.bss)
    UartTxBuff                               0x20000138   Data          10  lpuart.o(.bss)
    LoRaNodeSendDataBuf                      0x20000142   Data          38  sx1278rxdelay.o(.bss)
    LoRaNodeRecvDataBuf                      0x20000168   Data        1140  sx1278rxdelay.o(.bss)
    SX1278                                   0x200005dc   Data          48  sx1278rxdelay.o(.bss)
    __initial_sp                             0x20000810   Data           0  startup_hc32l110.o(STACK)



==============================================================================

Memory Map of the image

  Image Entry point : 0x000000c1

  Load Region LR_IROM1 (Base: 0x00000000, Size: 0x00002884, Max: 0x00008000, ABSOLUTE)

    Execution Region ER_IROM1 (Base: 0x00000000, Size: 0x00002820, Max: 0x00008000, ABSOLUTE)

    Base Addr    Size         Type   Attr      Idx    E Section Name        Object

    0x00000000   0x000000c0   Data   RO           84    RESET               startup_hc32l110.o
    0x000000c0   0x00000000   Code   RO         1675  * .ARM.Collect$$$$00000000  mc_p.l(entry.o)
    0x000000c0   0x00000004   Code   RO         1691    .ARM.Collect$$$$00000001  mc_p.l(entry2.o)
    0x000000c4   0x00000004   Code   RO         1694    .ARM.Collect$$$$00000004  mc_p.l(entry5.o)
    0x000000c8   0x00000000   Code   RO         1696    .ARM.Collect$$$$00000008  mc_p.l(entry7b.o)
    0x000000c8   0x00000000   Code   RO         1698    .ARM.Collect$$$$0000000A  mc_p.l(entry8b.o)
    0x000000c8   0x00000008   Code   RO         1699    .ARM.Collect$$$$0000000B  mc_p.l(entry9a.o)
    0x000000d0   0x00000000   Code   RO         1701    .ARM.Collect$$$$0000000D  mc_p.l(entry10a.o)
    0x000000d0   0x00000000   Code   RO         1703    .ARM.Collect$$$$0000000F  mc_p.l(entry11a.o)
    0x000000d0   0x00000004   Code   RO         1692    .ARM.Collect$$$$00002712  mc_p.l(entry2.o)
    0x000000d4   0x0000003c   Code   RO           85    .text               startup_hc32l110.o
    0x00000110   0x0000002c   Code   RO         1678    .text               mc_p.l(uidiv.o)
    0x0000013c   0x00000024   Code   RO         1685    .text               mc_p.l(memcpya.o)
    0x00000160   0x00000024   Code   RO         1687    .text               mc_p.l(memseta.o)
    0x00000184   0x00000024   Code   RO         1705    .text               mc_p.l(init.o)
    0x000001a8   0x00000038   Code   RO          994    i.Bt1Int            bt.o
    0x000001e0   0x0000004c   Code   RO          996    i.Bt_ClearIntFlag   bt.o
    0x0000022c   0x00000058   Code   RO         1002    i.Bt_EnableIrq      bt.o
    0x00000284   0x00000040   Code   RO         1003    i.Bt_GetIntFlag     bt.o
    0x000002c4   0x000001f0   Code   RO         1004    i.Bt_Init           bt.o
    0x000004b4   0x00000024   Code   RO          188    i.CLK_INIT          clk.o
    0x000004d8   0x00000018   Code   RO          189    i.ClkUnlock         clk.o
    0x000004f0   0x00000014   Code   RO          190    i.ClkWriteDummy     clk.o
    0x00000504   0x00000108   Code   RO          193    i.Clk_Enable        clk.o
    0x0000060c   0x00000048   Code   RO          194    i.Clk_GetClkRdy     clk.o
    0x00000654   0x0000008c   Code   RO          195    i.Clk_GetHClkFreq   clk.o
    0x000006e0   0x0000001a   Code   RO          198    i.Clk_Init          clk.o
    0x000006fa   0x00000002   PAD
    0x000006fc   0x0000010c   Code   RO          199    i.Clk_SetFunc       clk.o
    0x00000808   0x0000006c   Code   RO          200    i.Clk_SetHClkDiv    clk.o
    0x00000874   0x00000050   Code   RO          201    i.Clk_SetPClkDiv    clk.o
    0x000008c4   0x0000003c   Code   RO          202    i.Clk_SetPeripheralGate  clk.o
    0x00000900   0x000000a0   Code   RO          203    i.Clk_SetRCHFreq    clk.o
    0x000009a0   0x00000050   Code   RO          204    i.Clk_SetRCLFreq    clk.o
    0x000009f0   0x00000070   Code   RO          205    i.Clk_SetRCL_StableTime  clk.o
    0x00000a60   0x0000004c   Code   RO          207    i.Clk_SetSource     clk.o
    0x00000aac   0x00000060   Code   RO          208    i.Clk_SetXTH_StableTime  clk.o
    0x00000b0c   0x00000060   Code   RO          210    i.Clk_SetXTL_StableTime  clk.o
    0x00000b6c   0x000000ac   Code   RO          211    i.Clk_SwitchTo      clk.o
    0x00000c18   0x000000c4   Code   RO          212    i.Clk_SysTickConfig  clk.o
    0x00000cdc   0x00000010   Code   RO         1577    i.EfRam_IRQHandler  flash.o
    0x00000cec   0x00000054   Code   RO          558    i.EnableNvic        interrupts_hc32l110.o
    0x00000d40   0x00000002   Code   RO         1104    i.ErrIntCallback    lpuart.o
    0x00000d42   0x00000002   PAD
    0x00000d44   0x00000024   Code   RO          460    i.Gpio_ClearIrq     gpio.o
    0x00000d68   0x00000018   Code   RO          462    i.Gpio_EnableIrq    gpio.o
    0x00000d80   0x00000018   Code   RO          464    i.Gpio_GetIrqStat   gpio.o
    0x00000d98   0x00000104   Code   RO         1335    i.Gpio_IRQHandler   key.o
    0x00000e9c   0x000000b8   Code   RO          465    i.Gpio_InitIO       gpio.o
    0x00000f54   0x00000168   Code   RO          466    i.Gpio_InitIOExt    gpio.o
    0x000010bc   0x00000040   Code   RO          467    i.Gpio_SetAnalog    gpio.o
    0x000010fc   0x00000048   Code   RO          470    i.Gpio_SetIO        gpio.o
    0x00001144   0x00000010   Code   RO          559    i.HardFault_Handler  interrupts_hc32l110.o
    0x00001154   0x0000000a   Code   RO          560    i.IRQ000_Handler    interrupts_hc32l110.o
    0x0000115e   0x0000000a   Code   RO          561    i.IRQ001_Handler    interrupts_hc32l110.o
    0x00001168   0x0000000a   Code   RO          562    i.IRQ002_Handler    interrupts_hc32l110.o
    0x00001172   0x0000000a   Code   RO          563    i.IRQ003_Handler    interrupts_hc32l110.o
    0x0000117c   0x0000000a   Code   RO          564    i.IRQ006_Handler    interrupts_hc32l110.o
    0x00001186   0x0000000a   Code   RO          565    i.IRQ007_Handler    interrupts_hc32l110.o
    0x00001190   0x0000000a   Code   RO          566    i.IRQ008_Handler    interrupts_hc32l110.o
    0x0000119a   0x0000000a   Code   RO          567    i.IRQ010_Handler    interrupts_hc32l110.o
    0x000011a4   0x0000000a   Code   RO          568    i.IRQ012_Handler    interrupts_hc32l110.o
    0x000011ae   0x0000000a   Code   RO          569    i.IRQ014_Handler    interrupts_hc32l110.o
    0x000011b8   0x0000000a   Code   RO          570    i.IRQ015_Handler    interrupts_hc32l110.o
    0x000011c2   0x0000000a   Code   RO          571    i.IRQ016_Handler    interrupts_hc32l110.o
    0x000011cc   0x0000000a   Code   RO          572    i.IRQ017_Handler    interrupts_hc32l110.o
    0x000011d6   0x0000000a   Code   RO          573    i.IRQ018_Handler    interrupts_hc32l110.o
    0x000011e0   0x0000000a   Code   RO          574    i.IRQ019_Handler    interrupts_hc32l110.o
    0x000011ea   0x0000000a   Code   RO          575    i.IRQ020_Handler    interrupts_hc32l110.o
    0x000011f4   0x0000000a   Code   RO          576    i.IRQ021_Handler    interrupts_hc32l110.o
    0x000011fe   0x0000000a   Code   RO          577    i.IRQ022_Handler    interrupts_hc32l110.o
    0x00001208   0x0000000a   Code   RO          578    i.IRQ023_Handler    interrupts_hc32l110.o
    0x00001212   0x0000000a   Code   RO          579    i.IRQ024_Handler    interrupts_hc32l110.o
    0x0000121c   0x0000000a   Code   RO          580    i.IRQ026_Handler    interrupts_hc32l110.o
    0x00001226   0x0000000a   Code   RO          581    i.IRQ027_Handler    interrupts_hc32l110.o
    0x00001230   0x0000000a   Code   RO          582    i.IRQ028_Handler    interrupts_hc32l110.o
    0x0000123a   0x0000000a   Code   RO          583    i.IRQ030_Handler    interrupts_hc32l110.o
    0x00001244   0x0000000a   Code   RO          584    i.IRQ031_Handler    interrupts_hc32l110.o
    0x0000124e   0x000000a8   Code   RO         1374    i.InitRFio          sx1278.o
    0x000012f6   0x00000018   Code   RO         1336    i.KEY_INIT          key.o
    0x0000130e   0x00000002   PAD
    0x00001310   0x00000058   Code   RO          895    i.LPTIME_INIT       lpt.o
    0x00001368   0x00000100   Code   RO         1105    i.LPUART_INIT       lpuart.o
    0x00001468   0x00000024   Code   RO         1106    i.LPUartDeInitNvic  lpuart.o
    0x0000148c   0x00000008   Code   RO         1107    i.LPUartGetInternDataCb  lpuart.o
    0x00001494   0x00000024   Code   RO         1108    i.LPUartInitNvic    lpuart.o
    0x000014b8   0x00000048   Code   RO         1110    i.LPUart_ClrStatus  lpuart.o
    0x00001500   0x00000024   Code   RO         1112    i.LPUart_EnableFunc  lpuart.o
    0x00001524   0x00000050   Code   RO         1113    i.LPUart_EnableIrq  lpuart.o
    0x00001574   0x00000066   Code   RO         1117    i.LPUart_Init       lpuart.o
    0x000015da   0x00000002   PAD
    0x000015dc   0x000000f0   Code   RO         1118    i.LPUart_ReceiveData  lpuart.o
    0x000016cc   0x00000044   Code   RO         1119    i.LPUart_SelSclk    lpuart.o
    0x00001710   0x00000028   Code   RO         1120    i.LPUart_SelSclkPrs  lpuart.o
    0x00001738   0x00000074   Code   RO         1124    i.LPUart_SetMode    lpuart.o
    0x000017ac   0x00000034   Code   RO         1125    i.LPUart_SetMultiMode  lpuart.o
    0x000017e0   0x00000018   Code   RO          376    i.Log2              ddl.o
    0x000017f8   0x00000010   Code   RO          896    i.LpTim_IRQHandler  lpt.o
    0x00001808   0x00000064   Code   RO         1129    i.LpUart_IRQHandler  lpuart.o
    0x0000186c   0x00000060   Code   RO         1309    i.Lpm_Config        lpm.o
    0x000018cc   0x00000014   Code   RO          897    i.LptInt            lpt.o
    0x000018e0   0x00000030   Code   RO          898    i.Lpt_ARRSet        lpt.o
    0x00001910   0x00000014   Code   RO          899    i.Lpt_ClearIntFlag  lpt.o
    0x00001924   0x00000018   Code   RO          902    i.Lpt_EnableIrq     lpt.o
    0x0000193c   0x0000009c   Code   RO          904    i.Lpt_Init          lpt.o
    0x000019d8   0x00000018   Code   RO          905    i.Lpt_Run           lpt.o
    0x000019f0   0x00000014   Code   RO          906    i.Lpt_Stop          lpt.o
    0x00001a04   0x00000014   Code   RO         1130    i.NVIC_ClearPendingIRQ  lpuart.o
    0x00001a18   0x00000078   Code   RO          215    i.NVIC_SetPriority  clk.o
    0x00001a90   0x00000078   Code   RO          585    i.NVIC_SetPriority  interrupts_hc32l110.o
    0x00001b08   0x00000078   Code   RO         1131    i.NVIC_SetPriority  lpuart.o
    0x00001b80   0x0000005c   Code   RO          817    i.ReadData          spi.o
    0x00001bdc   0x00000008   Code   RO         1132    i.RxIntCallback     lpuart.o
    0x00001be4   0x00000108   Code   RO          818    i.SPI_INIT          spi.o
    0x00001cec   0x00000024   Code   RO         1375    i.SX1278_HW_init    sx1278.o
    0x00001d10   0x000000a8   Code   RO         1377    i.SX1278_LoRaEntryRx  sx1278.o
    0x00001db8   0x00000090   Code   RO         1378    i.SX1278_LoRaEntryTx  sx1278.o
    0x00001e48   0x00000068   Code   RO         1379    i.SX1278_LoRaRxPacket  sx1278.o
    0x00001eb0   0x00000074   Code   RO         1380    i.SX1278_LoRaTxPacket  sx1278.o
    0x00001f24   0x0000003e   Code   RO         1381    i.SX1278_SPIBurstWrite  sx1278.o
    0x00001f62   0x00000028   Code   RO         1382    i.SX1278_SPIRead    sx1278.o
    0x00001f8a   0x00000026   Code   RO         1383    i.SX1278_SPIWrite   sx1278.o
    0x00001fb0   0x00000024   Code   RO         1384    i.SX1278_begin      sx1278.o
    0x00001fd4   0x0000000c   Code   RO         1385    i.SX1278_clearLoRaIrq  sx1278.o
    0x00001fe0   0x0000010c   Code   RO         1386    i.SX1278_config     sx1278.o
    0x000020ec   0x00000016   Code   RO         1387    i.SX1278_defaultConfig  sx1278.o
    0x00002102   0x0000000c   Code   RO         1388    i.SX1278_entryLoRa  sx1278.o
    0x0000210e   0x0000002a   Code   RO         1389    i.SX1278_hw_Reset   sx1278.o
    0x00002138   0x00000028   Code   RO         1390    i.SX1278_read       sx1278.o
    0x00002160   0x00000012   Code   RO         1391    i.SX1278_sleep      sx1278.o
    0x00002172   0x00000012   Code   RO         1392    i.SX1278_standby    sx1278.o
    0x00002184   0x00000048   Code   RO          820    i.Spi_GetStatus     spi.o
    0x000021cc   0x00000010   Code   RO          821    i.Spi_IRQHandler    spi.o
    0x000021dc   0x000000b8   Code   RO          822    i.Spi_Init          spi.o
    0x00002294   0x0000000c   Code   RO          825    i.Spi_SetCS         spi.o
    0x000022a0   0x00000010   Code   RO            3    i.SystemCoreClockUpdate  system_hc32l110.o
    0x000022b0   0x00000034   Code   RO            4    i.SystemInit        system_hc32l110.o
    0x000022e4   0x00000058   Code   RO         1007    i.TIME_INIT         bt.o
    0x0000233c   0x0000003c   Code   RO         1008    i.Tim_IRQHandler    bt.o
    0x00002378   0x00000030   Code   RO          742    i.WDT_INIT          wdt.o
    0x000023a8   0x00000064   Code   RO          743    i.WdtCallback       wdt.o
    0x0000240c   0x0000002c   Code   RO          745    i.Wdt_IRQHandler    wdt.o
    0x00002438   0x00000048   Code   RO          746    i.Wdt_Init          wdt.o
    0x00002480   0x00000014   Code   RO          749    i.Wdt_Start         wdt.o
    0x00002494   0x00000018   Code   RO          750    i.Wdt_WriteWdtLoad  wdt.o
    0x000024ac   0x0000005c   Code   RO          826    i.WriteData         spi.o
    0x00002508   0x000000f4   Code   RO          473    i._GpioEnableIrq    gpio.o
    0x000025fc   0x0000001c   Code   RO          363    i.__ARM_common_switch8  clk.o
    0x00002618   0x0000000e   Code   RO         1709    i.__scatterload_copy  mc_p.l(handlers.o)
    0x00002626   0x00000002   Code   RO         1710    i.__scatterload_null  mc_p.l(handlers.o)
    0x00002628   0x0000000e   Code   RO         1711    i.__scatterload_zeroinit  mc_p.l(handlers.o)
    0x00002636   0x00000020   Code   RO          380    i.ddl_memclr        ddl.o
    0x00002656   0x00000002   PAD
    0x00002658   0x0000003c   Code   RO          382    i.delay1ms          ddl.o
    0x00002694   0x000000b8   Code   RO           92    i.main              main.o
    0x0000274c   0x00000096   Code   RO           93    i.sleep_config      main.o
    0x000027e2   0x00000002   PAD
    0x000027e4   0x00000004   Data   RO          216    .constdata          clk.o
    0x000027e8   0x00000018   Data   RO         1393    .constdata          sx1278.o
    0x00002800   0x00000020   Data   RO         1707    Region$$Table       anon$$obj.o


    Execution Region RW_IRAM1 (Base: 0x20000000, Size: 0x00000810, Max: 0x00001000, ABSOLUTE)

    Base Addr    Size         Type   Attr      Idx    E Section Name        Object

    0x20000000   0x00000004   Data   RW            5    .data               system_hc32l110.o
    0x20000004   0x00000010   Data   RW          752    .data               wdt.o
    0x20000014   0x00000008   Data   RW          828    .data               spi.o
    0x2000001c   0x00000013   Data   RW          908    .data               lpt.o
    0x2000002f   0x00000001   PAD
    0x20000030   0x0000000e   Data   RW         1009    .data               bt.o
    0x2000003e   0x0000000b   Data   RW         1136    .data               lpuart.o
    0x20000049   0x00000004   Data   RW         1338    .data               key.o
    0x2000004d   0x00000001   PAD
    0x2000004e   0x00000012   Data   RW         1394    .data               sx1278.o
    0x20000060   0x00000004   Data   RW         1591    .data               flash.o
    0x20000064   0x000000de   Zero   RW         1135    .bss                lpuart.o
    0x20000142   0x000004ca   Zero   RW         1514    .bss                sx1278rxdelay.o
    0x2000060c   0x00000004   PAD
    0x20000610   0x00000200   Zero   RW           82    STACK               startup_hc32l110.o


==============================================================================

Image component sizes


      Code (inc. data)   RO Data    RW Data    ZI Data      Debug   Object Name

       928         58          0         14          0       4981   bt.o
      2234        160          4          0          0      16554   clk.o
       116         10          0          0          0       1751   ddl.o
        16          4          0          4          0        591   flash.o
      1008         46          0          0          0       4541   gpio.o
       470         18          0          0          0      17566   interrupts_hc32l110.o
       284         36          0          4          0       1326   key.o
        96          4          0          0          0        921   lpm.o
       416         44          0         19          0       5624   lpt.o
      1392        118          0         11        222      17747   lpuart.o
       334         14          0          0          0       5208   main.o
       732         58          0          8          0       3975   spi.o
        60         22        192          0        512        572   startup_hc32l110.o
      1344         64         24         18          0      13568   sx1278.o
         0          0          0          0       1226       1739   sx1278rxdelay.o
        68         10          0          4          0      65059   system_hc32l110.o
       308         40          0         16          0       3823   wdt.o

    ----------------------------------------------------------------------
      9818        706        252        100       1964     165546   Object Totals
         0          0         32          0          0          0   (incl. Generated)
        12          0          0          2          4          0   (incl. Padding)

    ----------------------------------------------------------------------

      Code (inc. data)   RO Data    RW Data    ZI Data      Debug   Library Member Name

         0          0          0          0          0          0   entry.o
         0          0          0          0          0          0   entry10a.o
         0          0          0          0          0          0   entry11a.o
         8          4          0          0          0          0   entry2.o
         4          0          0          0          0          0   entry5.o
         0          0          0          0          0          0   entry7b.o
         0          0          0          0          0          0   entry8b.o
         8          4          0          0          0          0   entry9a.o
        30          0          0          0          0          0   handlers.o
        36          8          0          0          0         68   init.o
        36          0          0          0          0         60   memcpya.o
        36          0          0          0          0        100   memseta.o
        44          0          0          0          0         72   uidiv.o

    ----------------------------------------------------------------------
       202         16          0          0          0        300   Library Totals
         0          0          0          0          0          0   (incl. Padding)

    ----------------------------------------------------------------------

      Code (inc. data)   RO Data    RW Data    ZI Data      Debug   Library Name

       202         16          0          0          0        300   mc_p.l

    ----------------------------------------------------------------------
       202         16          0          0          0        300   Library Totals

    ----------------------------------------------------------------------

==============================================================================


      Code (inc. data)   RO Data    RW Data    ZI Data      Debug   

     10020        722        252        100       1964     160278   Grand Totals
     10020        722        252        100       1964     160278   ELF Image Totals
     10020        722        252        100          0          0   ROM Totals

==============================================================================

    Total RO  Size (Code + RO Data)                10272 (  10.03kB)
    Total RW  Size (RW Data + ZI Data)              2064 (   2.02kB)
    Total ROM Size (Code + RO Data + RW Data)      10372 (  10.13kB)

==============================================================================

