<html>
<body>
<pre>
<h1>µVision Build Log</h1>
<h2>Tool Versions:</h2>
IDE-Version: ¦ÌVision V5.16a
Copyright (C) 2015 ARM Ltd and ARM Germany GmbH. All rights reserved.
License Information: 1 Administrator, 1, LIC=D0DUH-WWUZ9-FIE52-928S2-9UMX3-D64MZ
 
Tool Versions:
Toolchain:       MDK-ARM Standard  Version: 5.16a
Toolchain Path:  D:\keil\ARM\ARMCC\Bin
C Compiler:      Armcc.exe V5.06 (build 20)
Assembler:       Armasm.exe V5.06 (build 20)
Linker/Locator:  ArmLink.exe V5.06 (build 20)
Library Manager: ArmAr.exe V5.06 (build 20)
Hex Converter:   FromElf.exe V5.06 (build 20)
CPU DLL:         SARMCM3.DLL V5.16a
Dialog DLL:      DARMCM1.DLL V1.12.0.0
Target DLL:      Segger\JL2CM3.dll V2.99.15.2
Dialog DLL:      TARMCM1.DLL V1.9.0.0
 
<h2>Project:</h2>
E:\for github\loraeasy\easyreceived\huadasx1278.uvprojx
Project File Date:  03/04/2020

<h2>Output:</h2>
*** Using Compiler 'V5.06 (build 20)', folder: 'D:\keil\ARM\ARMCC\Bin'
Rebuild target 'sx1278'
assembling startup_hc32l110.s...
compiling system_hc32l110.c...
compiling main.c...
compiling clk.c...
compiling ddl.c...
compiling gpio.c...
compiling interrupts_hc32l110.c...
compiling wdt.c...
compiling spi.c...
compiling lpt.c...
compiling bt.c...
compiling lpuart.c...
compiling lpm.c...
compiling key.c...
compiling sx1278.c...
compiling sx1278rxdelay.c...
compiling flash.c...
linking...
Program Size: Code=9756 RO-data=252 RW-data=100 ZI-data=1964  
FromELF: creating hex file...
".\huadasx1278.axf" - 0 Error(s), 0 Warning(s).

<h2>Collection of Component include folders:</h2>
  E:\for github\loraeasy\easyreceived\RTE
  D:\keil\ARM\PACK\HDSC\HC32L110\1.0.2\Device\Include

<h2>Collection of Component Files used:</h2>
Build Time Elapsed:  00:00:04
</pre>
</body>
</html>
