Component: ARM Compiler 5.05 update 1 (build 106) Tool: armlink [4d0efa]

==============================================================================

Section Cross References

    system_hc32l110.o(i.SystemCoreClockUpdate) refers to clk.o(i.Clk_GetHClkFreq) for Clk_GetHClkFreq
    system_hc32l110.o(i.SystemCoreClockUpdate) refers to system_hc32l110.o(.data) for SystemCoreClock
    system_hc32l110.o(i.SystemInit) refers to clk.o(i.Clk_SetRCHFreq) for Clk_SetRCHFreq
    system_hc32l110.o(i.SystemInit) refers to clk.o(i.Clk_Enable) for Clk_Enable
    system_hc32l110.o(i.SystemInit) refers to system_hc32l110.o(i.SystemCoreClockUpdate) for SystemCoreClockUpdate
    system_hc32l110.o(i.SystemInit) refers to ddl.o(i.ddl_memclr) for ddl_memclr
    system_hc32l110.o(i.SystemInit) refers to clk.o(i.Clk_SysTickConfig) for Clk_SysTickConfig
    startup_hc32l110.o(STACK) refers (Special) to heapauxi.o(.text) for __use_two_region_memory
    startup_hc32l110.o(HEAP) refers (Special) to heapauxi.o(.text) for __use_two_region_memory
    startup_hc32l110.o(RESET) refers (Special) to heapauxi.o(.text) for __use_two_region_memory
    startup_hc32l110.o(RESET) refers to startup_hc32l110.o(STACK) for __initial_sp
    startup_hc32l110.o(RESET) refers to startup_hc32l110.o(.text) for Reset_Handler
    startup_hc32l110.o(RESET) refers to interrupts_hc32l110.o(i.HardFault_Handler) for HardFault_Handler
    startup_hc32l110.o(RESET) refers to interrupts_hc32l110.o(i.IRQ000_Handler) for IRQ000_Handler
    startup_hc32l110.o(RESET) refers to interrupts_hc32l110.o(i.IRQ001_Handler) for IRQ001_Handler
    startup_hc32l110.o(RESET) refers to interrupts_hc32l110.o(i.IRQ002_Handler) for IRQ002_Handler
    startup_hc32l110.o(RESET) refers to interrupts_hc32l110.o(i.IRQ003_Handler) for IRQ003_Handler
    startup_hc32l110.o(RESET) refers to interrupts_hc32l110.o(i.IRQ006_Handler) for IRQ006_Handler
    startup_hc32l110.o(RESET) refers to interrupts_hc32l110.o(i.IRQ007_Handler) for IRQ007_Handler
    startup_hc32l110.o(RESET) refers to interrupts_hc32l110.o(i.IRQ008_Handler) for IRQ008_Handler
    startup_hc32l110.o(RESET) refers to interrupts_hc32l110.o(i.IRQ010_Handler) for IRQ010_Handler
    startup_hc32l110.o(RESET) refers to interrupts_hc32l110.o(i.IRQ012_Handler) for IRQ012_Handler
    startup_hc32l110.o(RESET) refers to interrupts_hc32l110.o(i.IRQ014_Handler) for IRQ014_Handler
    startup_hc32l110.o(RESET) refers to interrupts_hc32l110.o(i.IRQ015_Handler) for IRQ015_Handler
    startup_hc32l110.o(RESET) refers to interrupts_hc32l110.o(i.IRQ016_Handler) for IRQ016_Handler
    startup_hc32l110.o(RESET) refers to interrupts_hc32l110.o(i.IRQ017_Handler) for IRQ017_Handler
    startup_hc32l110.o(RESET) refers to interrupts_hc32l110.o(i.IRQ018_Handler) for IRQ018_Handler
    startup_hc32l110.o(RESET) refers to interrupts_hc32l110.o(i.IRQ019_Handler) for IRQ019_Handler
    startup_hc32l110.o(RESET) refers to interrupts_hc32l110.o(i.IRQ020_Handler) for IRQ020_Handler
    startup_hc32l110.o(RESET) refers to interrupts_hc32l110.o(i.IRQ021_Handler) for IRQ021_Handler
    startup_hc32l110.o(RESET) refers to interrupts_hc32l110.o(i.IRQ022_Handler) for IRQ022_Handler
    startup_hc32l110.o(RESET) refers to interrupts_hc32l110.o(i.IRQ023_Handler) for IRQ023_Handler
    startup_hc32l110.o(RESET) refers to interrupts_hc32l110.o(i.IRQ024_Handler) for IRQ024_Handler
    startup_hc32l110.o(RESET) refers to interrupts_hc32l110.o(i.IRQ026_Handler) for IRQ026_Handler
    startup_hc32l110.o(RESET) refers to interrupts_hc32l110.o(i.IRQ027_Handler) for IRQ027_Handler
    startup_hc32l110.o(RESET) refers to interrupts_hc32l110.o(i.IRQ028_Handler) for IRQ028_Handler
    startup_hc32l110.o(RESET) refers to interrupts_hc32l110.o(i.IRQ030_Handler) for IRQ030_Handler
    startup_hc32l110.o(RESET) refers to interrupts_hc32l110.o(i.IRQ031_Handler) for IRQ031_Handler
    startup_hc32l110.o(.text) refers (Special) to heapauxi.o(.text) for __use_two_region_memory
    startup_hc32l110.o(.text) refers to system_hc32l110.o(i.SystemInit) for SystemInit
    startup_hc32l110.o(.text) refers to __main.o(!!!main) for __main
    startup_hc32l110.o(.text) refers to startup_hc32l110.o(HEAP) for Heap_Mem
    startup_hc32l110.o(.text) refers to startup_hc32l110.o(STACK) for Stack_Mem
    clk.o(i.Clk_DeInit) refers to clk.o(i.Clk_SetRCHFreq) for Clk_SetRCHFreq
    clk.o(i.Clk_DeInit) refers to clk.o(i.Clk_SwitchTo) for Clk_SwitchTo
    clk.o(i.Clk_DeInit) refers to clk.o(i.Clk_SetHClkDiv) for Clk_SetHClkDiv
    clk.o(i.Clk_DeInit) refers to clk.o(i.Clk_SetPClkDiv) for Clk_SetPClkDiv
    clk.o(i.Clk_DebugClk) refers to clk.o(i.__ARM_common_switch8) for __ARM_common_switch8
    clk.o(i.Clk_Enable) refers to clk.o(i.ClkUnlock) for ClkUnlock
    clk.o(i.Clk_Enable) refers to clk.o(i.ClkWriteDummy) for ClkWriteDummy
    clk.o(i.Clk_GetHClkFreq) refers to clk.o(.constdata) for .constdata
    clk.o(i.Clk_GetPClkFreq) refers to clk.o(i.Clk_GetHClkFreq) for Clk_GetHClkFreq
    clk.o(i.Clk_Init) refers to clk.o(i.Clk_SwitchTo) for Clk_SwitchTo
    clk.o(i.Clk_Init) refers to clk.o(i.Clk_SetHClkDiv) for Clk_SetHClkDiv
    clk.o(i.Clk_Init) refers to clk.o(i.Clk_SetPClkDiv) for Clk_SetPClkDiv
    clk.o(i.Clk_SetFunc) refers to clk.o(i.ClkUnlock) for ClkUnlock
    clk.o(i.Clk_SetFunc) refers to clk.o(i.__ARM_common_switch8) for __ARM_common_switch8
    clk.o(i.Clk_SetFunc) refers to clk.o(i.ClkWriteDummy) for ClkWriteDummy
    clk.o(i.Clk_SetHClkDiv) refers to clk.o(i.ClkUnlock) for ClkUnlock
    clk.o(i.Clk_SetHClkDiv) refers to ddl.o(i.Log2) for Log2
    clk.o(i.Clk_SetPClkDiv) refers to clk.o(i.ClkUnlock) for ClkUnlock
    clk.o(i.Clk_SetPClkDiv) refers to ddl.o(i.Log2) for Log2
    clk.o(i.Clk_SetRCHFreq) refers to clk.o(i.__ARM_common_switch8) for __ARM_common_switch8
    clk.o(i.Clk_SetRTCAdjustClkFreq) refers to clk.o(i.ClkUnlock) for ClkUnlock
    clk.o(i.Clk_SetRTCAdjustClkFreq) refers to clk.o(i.ClkWriteDummy) for ClkWriteDummy
    clk.o(i.Clk_SetSource) refers to clk.o(i.ClkUnlock) for ClkUnlock
    clk.o(i.Clk_SetSource) refers to clk.o(i.ClkWriteDummy) for ClkWriteDummy
    clk.o(i.Clk_SwitchTo) refers to clk.o(i.Clk_SetXTH_StableTime) for Clk_SetXTH_StableTime
    clk.o(i.Clk_SwitchTo) refers to clk.o(i.Clk_SetRCL_StableTime) for Clk_SetRCL_StableTime
    clk.o(i.Clk_SwitchTo) refers to clk.o(i.Clk_SetXTL_StableTime) for Clk_SetXTL_StableTime
    clk.o(i.Clk_SwitchTo) refers to clk.o(i.Clk_Enable) for Clk_Enable
    clk.o(i.Clk_SwitchTo) refers to clk.o(i.Clk_GetClkRdy) for Clk_GetClkRdy
    clk.o(i.Clk_SwitchTo) refers to clk.o(i.Clk_SetSource) for Clk_SetSource
    clk.o(i.Clk_SwitchTo) refers to system_hc32l110.o(i.SystemCoreClockUpdate) for SystemCoreClockUpdate
    clk.o(i.Clk_SysTickConfig) refers to clk.o(i.NVIC_SetPriority) for NVIC_SetPriority
    ddl.o(.rev16_text) refers (Special) to use_no_semi_2.o(.text) for __use_no_semihosting
    ddl.o(.revsh_text) refers (Special) to use_no_semi_2.o(.text) for __use_no_semihosting
    ddl.o(i.DDL_WAIT_LOOP_HOOK) refers (Special) to use_no_semi_2.o(.text) for __use_no_semihosting
    ddl.o(i.Debug_Output) refers (Special) to use_no_semi_2.o(.text) for __use_no_semihosting
    ddl.o(i.Debug_UartInit) refers (Special) to use_no_semi_2.o(.text) for __use_no_semihosting
    ddl.o(i.Debug_UartInit) refers to clk.o(i.Clk_GetPClkFreq) for Clk_GetPClkFreq
    ddl.o(i.Debug_UartInit) refers to aeabi_sdiv.o(.text) for __aeabi_uidivmod
    ddl.o(i.Log2) refers (Special) to use_no_semi_2.o(.text) for __use_no_semihosting
    ddl.o(i.__backspace) refers (Special) to use_no_semi_2.o(.text) for __use_no_semihosting
    ddl.o(i._sys_exit) refers (Special) to use_no_semi_2.o(.text) for __use_no_semihosting
    ddl.o(i._ttywrch) refers (Special) to use_no_semi_2.o(.text) for __use_no_semihosting
    ddl.o(i.ddl_memclr) refers (Special) to use_no_semi_2.o(.text) for __use_no_semihosting
    ddl.o(i.delay100us) refers (Special) to use_no_semi_2.o(.text) for __use_no_semihosting
    ddl.o(i.delay100us) refers to aeabi_sdiv.o(.text) for __aeabi_uidivmod
    ddl.o(i.delay100us) refers to system_hc32l110.o(.data) for SystemCoreClock
    ddl.o(i.delay1ms) refers (Special) to use_no_semi_2.o(.text) for __use_no_semihosting
    ddl.o(i.delay1ms) refers to aeabi_sdiv.o(.text) for __aeabi_uidivmod
    ddl.o(i.delay1ms) refers to system_hc32l110.o(.data) for SystemCoreClock
    ddl.o(i.fputc) refers (Special) to use_no_semi_2.o(.text) for __use_no_semihosting
    ddl.o(i.fputc) refers to ddl.o(i.Debug_Output) for Debug_Output
    ddl.o(.data) refers (Special) to use_no_semi_2.o(.text) for __use_no_semihosting
    gpio.o(i.Gpio_DisableIrq) refers to gpio.o(i._GpioEnableIrq) for _GpioEnableIrq
    gpio.o(i.Gpio_EnableIrq) refers to gpio.o(i._GpioEnableIrq) for _GpioEnableIrq
    gpio.o(i.Gpio_InitIO) refers to gpio.o(i.Gpio_SetAnalog) for Gpio_SetAnalog
    gpio.o(i.Gpio_InitIOExt) refers to gpio.o(i.Gpio_SetAnalog) for Gpio_SetAnalog
    gpio.o(i.Gpio_SetCtrlExt) refers to clk.o(i.__ARM_common_switch8) for __ARM_common_switch8
    gpio.o(i.Gpio_SetCtrlExt) refers to ddl.o(i.Log2) for Log2
    gpio.o(i.Gpio_SetExtClkSel) refers to clk.o(i.__ARM_common_switch8) for __ARM_common_switch8
    gpio.o(i.Gpio_SetSignalSource) refers to clk.o(i.__ARM_common_switch8) for __ARM_common_switch8
    gpio.o(i.Gpio_SetSsnSel) refers to clk.o(i.__ARM_common_switch8) for __ARM_common_switch8
    interrupts_hc32l110.o(i.EnableNvic) refers to interrupts_hc32l110.o(i.NVIC_SetPriority) for NVIC_SetPriority
    use_no_semi_2.o(.text) refers (Special) to use_no_semi.o(.text) for __use_no_semihosting_swi
    __main.o(!!!main) refers to __rtentry.o(.ARM.Collect$$rtentry$$00000000) for __rt_entry
    __rtentry.o(.ARM.Collect$$rtentry$$00000000) refers (Special) to __rtentry2.o(.ARM.Collect$$rtentry$$0000000A) for __rt_entry_li
    __rtentry.o(.ARM.Collect$$rtentry$$00000000) refers (Special) to __rtentry2.o(.ARM.Collect$$rtentry$$0000000D) for __rt_entry_main
    __rtentry.o(.ARM.Collect$$rtentry$$00000000) refers (Special) to __rtentry2.o(.ARM.Collect$$rtentry$$0000000C) for __rt_entry_postli_1
    __rtentry.o(.ARM.Collect$$rtentry$$00000000) refers (Special) to __rtentry2.o(.ARM.Collect$$rtentry$$00000009) for __rt_entry_postsh_1
    __rtentry.o(.ARM.Collect$$rtentry$$00000000) refers (Special) to __rtentry2.o(.ARM.Collect$$rtentry$$00000002) for __rt_entry_presh_1
    __rtentry.o(.ARM.Collect$$rtentry$$00000000) refers (Special) to __rtentry4.o(.ARM.Collect$$rtentry$$00000004) for __rt_entry_sh
    aeabi_idiv0_sigfpe.o(.text) refers to rt_div0.o(.text) for __rt_div0
    __rtentry2.o(.ARM.Collect$$rtentry$$00000008) refers to boardinit2.o(.text) for _platform_post_stackheap_init
    __rtentry2.o(.ARM.Collect$$rtentry$$0000000A) refers to libinit.o(.ARM.Collect$$libinit$$00000000) for __rt_lib_init
    __rtentry2.o(.ARM.Collect$$rtentry$$0000000B) refers to boardinit3.o(.text) for _platform_post_lib_init
    __rtentry2.o(.ARM.Collect$$rtentry$$0000000D) refers to exit.o(.text) for exit
    __rtentry2.o(.ARM.exidx) refers to __rtentry2.o(.ARM.Collect$$rtentry$$00000001) for .ARM.Collect$$rtentry$$00000001
    __rtentry2.o(.ARM.exidx) refers to __rtentry2.o(.ARM.Collect$$rtentry$$00000008) for .ARM.Collect$$rtentry$$00000008
    __rtentry2.o(.ARM.exidx) refers to __rtentry2.o(.ARM.Collect$$rtentry$$0000000A) for .ARM.Collect$$rtentry$$0000000A
    __rtentry2.o(.ARM.exidx) refers to __rtentry2.o(.ARM.Collect$$rtentry$$0000000B) for .ARM.Collect$$rtentry$$0000000B
    __rtentry2.o(.ARM.exidx) refers to __rtentry2.o(.ARM.Collect$$rtentry$$0000000D) for .ARM.Collect$$rtentry$$0000000D
    __rtentry4.o(.ARM.Collect$$rtentry$$00000004) refers to sys_stackheap_outer.o(.text) for __user_setup_stackheap
    __rtentry4.o(.ARM.exidx) refers to __rtentry4.o(.ARM.Collect$$rtentry$$00000004) for .ARM.Collect$$rtentry$$00000004
    rt_div0.o(.text) refers to defsig_fpe_outer.o(.text) for __rt_SIGFPE
    sys_stackheap_outer.o(.text) refers to libspace.o(.text) for __user_perproc_libspace
    sys_stackheap_outer.o(.text) refers to startup_hc32l110.o(.text) for __user_initial_stackheap
    sys_stackheap_outer.o(__vectab_stack_and_reset_area) refers to tempstk.o(.text) for __temporary_stack_top
    sys_stackheap_outer.o(__vectab_stack_and_reset_area) refers to __main.o(!!!main) for __main
    exit.o(.text) refers to rtexit.o(.ARM.Collect$$rtexit$$00000000) for __rt_exit
    defsig_fpe_outer.o(.text) refers to defsig_fpe_inner.o(.text) for __rt_SIGFPE_inner
    defsig_fpe_outer.o(.text) refers to defsig_exit.o(.text) for __sig_exit
    defsig_fpe_formal.o(.text) refers to rt_raise.o(.text) for __rt_raise
    libinit.o(.ARM.Collect$$libinit$$00000000) refers (Special) to libinit2.o(.ARM.Collect$$libinit$$0000002E) for __rt_lib_init_alloca_1
    libinit.o(.ARM.Collect$$libinit$$00000000) refers (Special) to libinit2.o(.ARM.Collect$$libinit$$00000027) for __rt_lib_init_argv_1
    libinit.o(.ARM.Collect$$libinit$$00000000) refers (Special) to libinit2.o(.ARM.Collect$$libinit$$0000001B) for __rt_lib_init_atexit_1
    libinit.o(.ARM.Collect$$libinit$$00000000) refers (Special) to libinit2.o(.ARM.Collect$$libinit$$00000021) for __rt_lib_init_clock_1
    libinit.o(.ARM.Collect$$libinit$$00000000) refers (Special) to libinit2.o(.ARM.Collect$$libinit$$00000032) for __rt_lib_init_cpp_1
    libinit.o(.ARM.Collect$$libinit$$00000000) refers (Special) to libinit2.o(.ARM.Collect$$libinit$$00000030) for __rt_lib_init_exceptions_1
    libinit.o(.ARM.Collect$$libinit$$00000000) refers (Special) to libinit2.o(.ARM.Collect$$libinit$$00000002) for __rt_lib_init_fp_1
    libinit.o(.ARM.Collect$$libinit$$00000000) refers (Special) to libinit2.o(.ARM.Collect$$libinit$$0000001F) for __rt_lib_init_fp_trap_1
    libinit.o(.ARM.Collect$$libinit$$00000000) refers (Special) to libinit2.o(.ARM.Collect$$libinit$$00000023) for __rt_lib_init_getenv_1
    libinit.o(.ARM.Collect$$libinit$$00000000) refers (Special) to libinit2.o(.ARM.Collect$$libinit$$0000000A) for __rt_lib_init_heap_1
    libinit.o(.ARM.Collect$$libinit$$00000000) refers (Special) to libinit2.o(.ARM.Collect$$libinit$$00000011) for __rt_lib_init_lc_collate_1
    libinit.o(.ARM.Collect$$libinit$$00000000) refers (Special) to libinit2.o(.ARM.Collect$$libinit$$00000013) for __rt_lib_init_lc_ctype_1
    libinit.o(.ARM.Collect$$libinit$$00000000) refers (Special) to libinit2.o(.ARM.Collect$$libinit$$00000015) for __rt_lib_init_lc_monetary_1
    libinit.o(.ARM.Collect$$libinit$$00000000) refers (Special) to libinit2.o(.ARM.Collect$$libinit$$00000017) for __rt_lib_init_lc_numeric_1
    libinit.o(.ARM.Collect$$libinit$$00000000) refers (Special) to libinit2.o(.ARM.Collect$$libinit$$00000019) for __rt_lib_init_lc_time_1
    libinit.o(.ARM.Collect$$libinit$$00000000) refers (Special) to libinit2.o(.ARM.Collect$$libinit$$00000004) for __rt_lib_init_preinit_1
    libinit.o(.ARM.Collect$$libinit$$00000000) refers (Special) to libinit2.o(.ARM.Collect$$libinit$$0000000E) for __rt_lib_init_rand_1
    libinit.o(.ARM.Collect$$libinit$$00000000) refers (Special) to libinit2.o(.ARM.Collect$$libinit$$00000033) for __rt_lib_init_return
    libinit.o(.ARM.Collect$$libinit$$00000000) refers (Special) to libinit2.o(.ARM.Collect$$libinit$$0000001D) for __rt_lib_init_signal_1
    libinit.o(.ARM.Collect$$libinit$$00000000) refers (Special) to libinit2.o(.ARM.Collect$$libinit$$00000025) for __rt_lib_init_stdio_1
    libinit.o(.ARM.Collect$$libinit$$00000000) refers (Special) to libinit2.o(.ARM.Collect$$libinit$$0000000C) for __rt_lib_init_user_alloc_1
    libspace.o(.text) refers to libspace.o(.bss) for __libspace_start
    rtexit.o(.ARM.Collect$$rtexit$$00000000) refers (Special) to rtexit2.o(.ARM.Collect$$rtexit$$00000004) for __rt_exit_exit
    rtexit.o(.ARM.Collect$$rtexit$$00000000) refers (Special) to rtexit2.o(.ARM.Collect$$rtexit$$00000003) for __rt_exit_ls
    rtexit.o(.ARM.Collect$$rtexit$$00000000) refers (Special) to rtexit2.o(.ARM.Collect$$rtexit$$00000002) for __rt_exit_prels_1
    rtexit.o(.ARM.exidx) refers (Special) to rtexit2.o(.ARM.Collect$$rtexit$$00000004) for __rt_exit_exit
    rtexit.o(.ARM.exidx) refers (Special) to rtexit2.o(.ARM.Collect$$rtexit$$00000003) for __rt_exit_ls
    rtexit.o(.ARM.exidx) refers (Special) to rtexit2.o(.ARM.Collect$$rtexit$$00000002) for __rt_exit_prels_1
    rtexit.o(.ARM.exidx) refers to rtexit.o(.ARM.Collect$$rtexit$$00000000) for .ARM.Collect$$rtexit$$00000000
    rt_raise.o(.text) refers to __raise.o(.text) for __raise
    rt_raise.o(.text) refers to ddl.o(i._sys_exit) for _sys_exit
    defsig_exit.o(.text) refers to ddl.o(i._sys_exit) for _sys_exit
    defsig_fpe_inner.o(.text) refers to defsig_general.o(.text) for __default_signal_display
    libinit2.o(.ARM.Collect$$libinit$$00000010) refers to libinit2.o(.ARM.Collect$$libinit$$0000000F) for .ARM.Collect$$libinit$$0000000F
    libinit2.o(.ARM.Collect$$libinit$$00000012) refers to libinit2.o(.ARM.Collect$$libinit$$0000000F) for .ARM.Collect$$libinit$$0000000F
    libinit2.o(.ARM.Collect$$libinit$$00000014) refers to libinit2.o(.ARM.Collect$$libinit$$0000000F) for .ARM.Collect$$libinit$$0000000F
    libinit2.o(.ARM.Collect$$libinit$$00000016) refers to libinit2.o(.ARM.Collect$$libinit$$0000000F) for .ARM.Collect$$libinit$$0000000F
    libinit2.o(.ARM.Collect$$libinit$$00000018) refers to libinit2.o(.ARM.Collect$$libinit$$0000000F) for .ARM.Collect$$libinit$$0000000F
    libinit2.o(.ARM.Collect$$libinit$$00000026) refers to argv_veneer.o(.text) for __ARM_argv_veneer
    libinit2.o(.ARM.Collect$$libinit$$00000027) refers to argv_veneer.o(.text) for __ARM_argv_veneer
    rtexit2.o(.ARM.Collect$$rtexit$$00000003) refers to libshutdown.o(.ARM.Collect$$libshutdown$$00000000) for __rt_lib_shutdown
    rtexit2.o(.ARM.Collect$$rtexit$$00000004) refers to ddl.o(i._sys_exit) for _sys_exit
    rtexit2.o(.ARM.exidx) refers to rtexit2.o(.ARM.Collect$$rtexit$$00000001) for .ARM.Collect$$rtexit$$00000001
    rtexit2.o(.ARM.exidx) refers to rtexit2.o(.ARM.Collect$$rtexit$$00000003) for .ARM.Collect$$rtexit$$00000003
    rtexit2.o(.ARM.exidx) refers to rtexit2.o(.ARM.Collect$$rtexit$$00000004) for .ARM.Collect$$rtexit$$00000004
    __raise.o(.text) refers to defsig.o(CL$$defsig) for __default_signal_handler
    defsig_general.o(.text) refers to ddl.o(i._ttywrch) for _ttywrch
    argv_veneer.o(.text) refers to _get_argv_nomalloc.o(.text) for __ARM_get_argv
    defsig.o(CL$$defsig) refers to defsig_fpe_inner.o(.text) for __rt_SIGFPE_inner
    defsig.o(CL$$defsig) refers to defsig_rtmem_inner.o(.text) for __rt_SIGRTMEM_inner
    _get_argv_nomalloc.o(.text) refers (Special) to hrguard.o(.text) for __heap_region$guard
    _get_argv_nomalloc.o(.text) refers to defsig_rtmem_outer.o(.text) for __rt_SIGRTMEM
    _get_argv_nomalloc.o(.text) refers to sys_command.o(.text) for _sys_command_string
    libshutdown.o(.ARM.Collect$$libshutdown$$00000000) refers (Special) to libshutdown2.o(.ARM.Collect$$libshutdown$$00000006) for __rt_lib_shutdown_fp_trap_1
    libshutdown.o(.ARM.Collect$$libshutdown$$00000000) refers (Special) to libshutdown2.o(.ARM.Collect$$libshutdown$$0000000E) for __rt_lib_shutdown_heap_1
    libshutdown.o(.ARM.Collect$$libshutdown$$00000000) refers (Special) to libshutdown2.o(.ARM.Collect$$libshutdown$$0000000F) for __rt_lib_shutdown_return
    libshutdown.o(.ARM.Collect$$libshutdown$$00000000) refers (Special) to libshutdown2.o(.ARM.Collect$$libshutdown$$00000009) for __rt_lib_shutdown_signal_1
    libshutdown.o(.ARM.Collect$$libshutdown$$00000000) refers (Special) to libshutdown2.o(.ARM.Collect$$libshutdown$$00000003) for __rt_lib_shutdown_stdio_1
    libshutdown.o(.ARM.Collect$$libshutdown$$00000000) refers (Special) to libshutdown2.o(.ARM.Collect$$libshutdown$$0000000B) for __rt_lib_shutdown_user_alloc_1
    sys_command.o(.text) refers (Special) to use_no_semi.o(.text) for __I$use$semihosting
    sys_command.o(.text) refers (Special) to indicate_semi.o(.text) for __semihosting_library_function
    defsig_abrt_inner.o(.text) refers to defsig_general.o(.text) for __default_signal_display
    defsig_rtred_inner.o(.text) refers to defsig_general.o(.text) for __default_signal_display
    defsig_rtmem_inner.o(.text) refers to defsig_general.o(.text) for __default_signal_display
    defsig_rtmem_outer.o(.text) refers to defsig_rtmem_inner.o(.text) for __rt_SIGRTMEM_inner
    defsig_rtmem_outer.o(.text) refers to defsig_exit.o(.text) for __sig_exit
    defsig_rtmem_formal.o(.text) refers to rt_raise.o(.text) for __rt_raise
    defsig_stak_inner.o(.text) refers to defsig_general.o(.text) for __default_signal_display
    defsig_pvfn_inner.o(.text) refers to defsig_general.o(.text) for __default_signal_display
    defsig_cppl_inner.o(.text) refers to defsig_general.o(.text) for __default_signal_display
    defsig_segv_inner.o(.text) refers to defsig_general.o(.text) for __default_signal_display
    defsig_other.o(.text) refers to defsig_general.o(.text) for __default_signal_display


==============================================================================

Removing Unused input sections from the image.

    Removing system_hc32l110.o(.rev16_text), (4 bytes).
    Removing system_hc32l110.o(.revsh_text), (4 bytes).
    Removing clk.o(.rev16_text), (4 bytes).
    Removing clk.o(.revsh_text), (4 bytes).
    Removing clk.o(i.Clk_DeInit), (30 bytes).
    Removing clk.o(i.Clk_DebugClk), (104 bytes).
    Removing clk.o(i.Clk_GetClkRdy), (72 bytes).
    Removing clk.o(i.Clk_GetPClkFreq), (32 bytes).
    Removing clk.o(i.Clk_GetPeripheralGate), (20 bytes).
    Removing clk.o(i.Clk_Init), (26 bytes).
    Removing clk.o(i.Clk_SetFunc), (268 bytes).
    Removing clk.o(i.Clk_SetHClkDiv), (108 bytes).
    Removing clk.o(i.Clk_SetPClkDiv), (80 bytes).
    Removing clk.o(i.Clk_SetPeripheralGate), (60 bytes).
    Removing clk.o(i.Clk_SetRCLFreq), (80 bytes).
    Removing clk.o(i.Clk_SetRCL_StableTime), (112 bytes).
    Removing clk.o(i.Clk_SetRTCAdjustClkFreq), (272 bytes).
    Removing clk.o(i.Clk_SetSource), (76 bytes).
    Removing clk.o(i.Clk_SetXTH_StableTime), (96 bytes).
    Removing clk.o(i.Clk_SetXTLDrive), (40 bytes).
    Removing clk.o(i.Clk_SetXTL_StableTime), (96 bytes).
    Removing clk.o(i.Clk_SwitchTo), (172 bytes).
    Removing clk.o(i.Clk_SysTickSkewGet), (16 bytes).
    Removing clk.o(i.Clk_SysTickStcalibGet), (16 bytes).
    Removing ddl.o(.rev16_text), (4 bytes).
    Removing ddl.o(.revsh_text), (4 bytes).
    Removing ddl.o(i.DDL_WAIT_LOOP_HOOK), (2 bytes).
    Removing ddl.o(i.Debug_Output), (50 bytes).
    Removing ddl.o(i.Debug_UartInit), (180 bytes).
    Removing ddl.o(i.Log2), (24 bytes).
    Removing ddl.o(i.__backspace), (4 bytes).
    Removing ddl.o(i.delay100us), (60 bytes).
    Removing ddl.o(i.delay1ms), (60 bytes).
    Removing ddl.o(i.fputc), (28 bytes).
    Removing ddl.o(.data), (4 bytes).
    Removing gpio.o(.rev16_text), (4 bytes).
    Removing gpio.o(.revsh_text), (4 bytes).
    Removing gpio.o(i.Gpio_ClearIrq), (36 bytes).
    Removing gpio.o(i.Gpio_DisableIrq), (24 bytes).
    Removing gpio.o(i.Gpio_EnableIrq), (24 bytes).
    Removing gpio.o(i.Gpio_GetIO), (24 bytes).
    Removing gpio.o(i.Gpio_GetIrqStat), (24 bytes).
    Removing gpio.o(i.Gpio_InitIO), (184 bytes).
    Removing gpio.o(i.Gpio_InitIOExt), (360 bytes).
    Removing gpio.o(i.Gpio_SetAnalog), (64 bytes).
    Removing gpio.o(i.Gpio_SetCtrlExt), (292 bytes).
    Removing gpio.o(i.Gpio_SetExtClkSel), (92 bytes).
    Removing gpio.o(i.Gpio_SetIO), (72 bytes).
    Removing gpio.o(i.Gpio_SetSignalSource), (388 bytes).
    Removing gpio.o(i.Gpio_SetSsnSel), (92 bytes).
    Removing gpio.o(i._GpioEnableIrq), (244 bytes).
    Removing interrupts_hc32l110.o(.rev16_text), (4 bytes).
    Removing interrupts_hc32l110.o(.revsh_text), (4 bytes).
    Removing interrupts_hc32l110.o(i.EnableNvic), (84 bytes).
    Removing interrupts_hc32l110.o(i.NVIC_SetPriority), (120 bytes).

55 unused section(s) (total 4352 bytes) removed from the image.

==============================================================================

Memory Map of the image

  Image Entry point : 0x00000000

  Load Region LR_IROM1 (Base: 0x00000000, Size: 0x000008d8, Max: 0x00040000, ABSOLUTE)

    Execution Region ER_IROM1 (Base: 0x00000000, Size: 0x000008d4, Max: 0x00040000, ABSOLUTE)

    Base Addr    Size         Type   Attr      Idx    E Section Name        Object

    0x00000000   0x000000c0   Data   RO           84    RESET               startup_hc32l110.o
    0x000000c0   0x00000008   Code   RO          654  * !!!main             c_p.l(__main.o)
    0x000000c8   0x00000002   Code   RO          694    .ARM.Collect$$libinit$$00000000  c_p.l(libinit.o)
    0x000000ca   0x00000000   Code   RO          708    .ARM.Collect$$libinit$$00000002  c_p.l(libinit2.o)
    0x000000ca   0x00000000   Code   RO          710    .ARM.Collect$$libinit$$00000004  c_p.l(libinit2.o)
    0x000000ca   0x00000000   Code   RO          713    .ARM.Collect$$libinit$$0000000A  c_p.l(libinit2.o)
    0x000000ca   0x00000000   Code   RO          715    .ARM.Collect$$libinit$$0000000C  c_p.l(libinit2.o)
    0x000000ca   0x00000000   Code   RO          717    .ARM.Collect$$libinit$$0000000E  c_p.l(libinit2.o)
    0x000000ca   0x00000000   Code   RO          720    .ARM.Collect$$libinit$$00000011  c_p.l(libinit2.o)
    0x000000ca   0x00000000   Code   RO          722    .ARM.Collect$$libinit$$00000013  c_p.l(libinit2.o)
    0x000000ca   0x00000000   Code   RO          724    .ARM.Collect$$libinit$$00000015  c_p.l(libinit2.o)
    0x000000ca   0x00000000   Code   RO          726    .ARM.Collect$$libinit$$00000017  c_p.l(libinit2.o)
    0x000000ca   0x00000000   Code   RO          728    .ARM.Collect$$libinit$$00000019  c_p.l(libinit2.o)
    0x000000ca   0x00000000   Code   RO          730    .ARM.Collect$$libinit$$0000001B  c_p.l(libinit2.o)
    0x000000ca   0x00000000   Code   RO          732    .ARM.Collect$$libinit$$0000001D  c_p.l(libinit2.o)
    0x000000ca   0x00000000   Code   RO          734    .ARM.Collect$$libinit$$0000001F  c_p.l(libinit2.o)
    0x000000ca   0x00000000   Code   RO          736    .ARM.Collect$$libinit$$00000021  c_p.l(libinit2.o)
    0x000000ca   0x00000000   Code   RO          738    .ARM.Collect$$libinit$$00000023  c_p.l(libinit2.o)
    0x000000ca   0x00000000   Code   RO          740    .ARM.Collect$$libinit$$00000025  c_p.l(libinit2.o)
    0x000000ca   0x00000008   Code   RO          742    .ARM.Collect$$libinit$$00000027  c_p.l(libinit2.o)
    0x000000d2   0x00000000   Code   RO          746    .ARM.Collect$$libinit$$0000002E  c_p.l(libinit2.o)
    0x000000d2   0x00000000   Code   RO          748    .ARM.Collect$$libinit$$00000030  c_p.l(libinit2.o)
    0x000000d2   0x00000000   Code   RO          750    .ARM.Collect$$libinit$$00000032  c_p.l(libinit2.o)
    0x000000d2   0x00000002   Code   RO          751    .ARM.Collect$$libinit$$00000033  c_p.l(libinit2.o)
    0x000000d4   0x00000002   Code   RO          775    .ARM.Collect$$libshutdown$$00000000  c_p.l(libshutdown.o)
    0x000000d6   0x00000000   Code   RO          802    .ARM.Collect$$libshutdown$$00000003  c_p.l(libshutdown2.o)
    0x000000d6   0x00000000   Code   RO          805    .ARM.Collect$$libshutdown$$00000006  c_p.l(libshutdown2.o)
    0x000000d6   0x00000000   Code   RO          808    .ARM.Collect$$libshutdown$$00000009  c_p.l(libshutdown2.o)
    0x000000d6   0x00000000   Code   RO          810    .ARM.Collect$$libshutdown$$0000000B  c_p.l(libshutdown2.o)
    0x000000d6   0x00000000   Code   RO          813    .ARM.Collect$$libshutdown$$0000000E  c_p.l(libshutdown2.o)
    0x000000d6   0x00000002   Code   RO          814    .ARM.Collect$$libshutdown$$0000000F  c_p.l(libshutdown2.o)
    0x000000d8   0x00000000   Code   RO          658    .ARM.Collect$$rtentry$$00000000  c_p.l(__rtentry.o)
    0x000000d8   0x00000000   Code   RO          664    .ARM.Collect$$rtentry$$00000002  c_p.l(__rtentry2.o)
    0x000000d8   0x00000006   Code   RO          676    .ARM.Collect$$rtentry$$00000004  c_p.l(__rtentry4.o)
    0x000000de   0x00000000   Code   RO          666    .ARM.Collect$$rtentry$$00000009  c_p.l(__rtentry2.o)
    0x000000de   0x00000004   Code   RO          667    .ARM.Collect$$rtentry$$0000000A  c_p.l(__rtentry2.o)
    0x000000e2   0x00000000   Code   RO          669    .ARM.Collect$$rtentry$$0000000C  c_p.l(__rtentry2.o)
    0x000000e2   0x00000008   Code   RO          670    .ARM.Collect$$rtentry$$0000000D  c_p.l(__rtentry2.o)
    0x000000ea   0x00000002   Code   RO          699    .ARM.Collect$$rtexit$$00000000  c_p.l(rtexit.o)
    0x000000ec   0x00000000   Code   RO          753    .ARM.Collect$$rtexit$$00000002  c_p.l(rtexit2.o)
    0x000000ec   0x00000004   Code   RO          754    .ARM.Collect$$rtexit$$00000003  c_p.l(rtexit2.o)
    0x000000f0   0x00000006   Code   RO          755    .ARM.Collect$$rtexit$$00000004  c_p.l(rtexit2.o)
    0x000000f6   0x00000002   PAD
    0x000000f8   0x00000058   Code   RO           85    .text               startup_hc32l110.o
    0x00000150   0x00000002   Code   RO          646    .text               c_p.l(use_no_semi_2.o)
    0x00000152   0x00000006   Code   RO          652    .text               c_p.l(heapauxi.o)
    0x00000158   0x00000002   Code   RO          656    .text               c_p.l(use_no_semi.o)
    0x0000015a   0x0000003e   Code   RO          680    .text               c_p.l(sys_stackheap_outer.o)
    0x00000198   0x0000000c   Code   RO          683    .text               c_p.l(exit.o)
    0x000001a4   0x00000008   Code   RO          695    .text               c_p.l(libspace.o)
    0x000001ac   0x0000000c   Code   RO          703    .text               c_p.l(defsig_exit.o)
    0x000001b8   0x00000034   Code   RO          761    .text               c_p.l(defsig_general.o)
    0x000001ec   0x00000008   Code   RO          763    .text               c_p.l(argv_veneer.o)
    0x000001f4   0x00000132   Code   RO          771    .text               c_p.l(_get_argv_nomalloc.o)
    0x00000326   0x0000001a   Code   RO          776    .text               c_p.l(sys_command.o)
    0x00000340   0x00000004   Code   RO          778    .text               c_p.l(hrguard.o)
    0x00000344   0x00000050   Code   RO          784    .text               c_p.l(defsig_rtmem_inner.o)
    0x00000394   0x0000000c   Code   RO          786    .text               c_p.l(defsig_rtmem_outer.o)
    0x000003a0   0x00000000   Code   RO          815    .text               c_p.l(indicate_semi.o)
    0x000003a0   0x00000018   Code   RO           94    i.ClkUnlock         clk.o
    0x000003b8   0x00000014   Code   RO           95    i.ClkWriteDummy     clk.o
    0x000003cc   0x00000108   Code   RO           98    i.Clk_Enable        clk.o
    0x000004d4   0x0000008c   Code   RO          100    i.Clk_GetHClkFreq   clk.o
    0x00000560   0x000000a0   Code   RO          108    i.Clk_SetRCHFreq    clk.o
    0x00000600   0x000000c4   Code   RO          117    i.Clk_SysTickConfig  clk.o
    0x000006c4   0x00000010   Code   RO          463    i.HardFault_Handler  interrupts_hc32l110.o
    0x000006d4   0x0000000a   Code   RO          464    i.IRQ000_Handler    interrupts_hc32l110.o
    0x000006de   0x0000000a   Code   RO          465    i.IRQ001_Handler    interrupts_hc32l110.o
    0x000006e8   0x0000000a   Code   RO          466    i.IRQ002_Handler    interrupts_hc32l110.o
    0x000006f2   0x0000000a   Code   RO          467    i.IRQ003_Handler    interrupts_hc32l110.o
    0x000006fc   0x0000000a   Code   RO          468    i.IRQ006_Handler    interrupts_hc32l110.o
    0x00000706   0x0000000a   Code   RO          469    i.IRQ007_Handler    interrupts_hc32l110.o
    0x00000710   0x0000000a   Code   RO          470    i.IRQ008_Handler    interrupts_hc32l110.o
    0x0000071a   0x0000000a   Code   RO          471    i.IRQ010_Handler    interrupts_hc32l110.o
    0x00000724   0x0000000a   Code   RO          472    i.IRQ012_Handler    interrupts_hc32l110.o
    0x0000072e   0x0000000a   Code   RO          473    i.IRQ014_Handler    interrupts_hc32l110.o
    0x00000738   0x0000000a   Code   RO          474    i.IRQ015_Handler    interrupts_hc32l110.o
    0x00000742   0x0000000a   Code   RO          475    i.IRQ016_Handler    interrupts_hc32l110.o
    0x0000074c   0x0000000a   Code   RO          476    i.IRQ017_Handler    interrupts_hc32l110.o
    0x00000756   0x0000000a   Code   RO          477    i.IRQ018_Handler    interrupts_hc32l110.o
    0x00000760   0x0000000a   Code   RO          478    i.IRQ019_Handler    interrupts_hc32l110.o
    0x0000076a   0x0000000a   Code   RO          479    i.IRQ020_Handler    interrupts_hc32l110.o
    0x00000774   0x0000000a   Code   RO          480    i.IRQ021_Handler    interrupts_hc32l110.o
    0x0000077e   0x0000000a   Code   RO          481    i.IRQ022_Handler    interrupts_hc32l110.o
    0x00000788   0x0000000a   Code   RO          482    i.IRQ023_Handler    interrupts_hc32l110.o
    0x00000792   0x0000000a   Code   RO          483    i.IRQ024_Handler    interrupts_hc32l110.o
    0x0000079c   0x0000000a   Code   RO          484    i.IRQ026_Handler    interrupts_hc32l110.o
    0x000007a6   0x0000000a   Code   RO          485    i.IRQ027_Handler    interrupts_hc32l110.o
    0x000007b0   0x0000000a   Code   RO          486    i.IRQ028_Handler    interrupts_hc32l110.o
    0x000007ba   0x0000000a   Code   RO          487    i.IRQ030_Handler    interrupts_hc32l110.o
    0x000007c4   0x0000000a   Code   RO          488    i.IRQ031_Handler    interrupts_hc32l110.o
    0x000007ce   0x00000002   PAD
    0x000007d0   0x00000078   Code   RO          120    i.NVIC_SetPriority  clk.o
    0x00000848   0x00000010   Code   RO            3    i.SystemCoreClockUpdate  system_hc32l110.o
    0x00000858   0x00000034   Code   RO            4    i.SystemInit        system_hc32l110.o
    0x0000088c   0x0000001c   Code   RO          263    i.__ARM_common_switch8  clk.o
    0x000008a8   0x00000004   Code   RO          282    i._sys_exit         ddl.o
    0x000008ac   0x00000002   Code   RO          283    i._ttywrch          ddl.o
    0x000008ae   0x00000020   Code   RO          284    i.ddl_memclr        ddl.o
    0x000008ce   0x00000002   PAD
    0x000008d0   0x00000004   Data   RO          121    .constdata          clk.o
    0x000008d4   0x00000000   Data   RO          816    Region$$Table       anon$$obj.o


    Execution Region RW_IRAM1 (Base: 0x20000000, Size: 0x00000268, Max: 0x00020000, ABSOLUTE)

    Base Addr    Size         Type   Attr      Idx    E Section Name        Object

    0x20000000   0x00000004   Data   RW            5    .data               system_hc32l110.o
    0x20000004   0x00000060   Zero   RW          696    .bss                c_p.l(libspace.o)
    0x20000064   0x00000004   PAD
    0x20000068   0x00000100   Zero   RW           83    HEAP                startup_hc32l110.o
    0x20000168   0x00000100   Zero   RW           82    STACK               startup_hc32l110.o

